Archive member included to satisfy reference by file (symbol)

../mbed/TARGET_NUCLEO_L432KC/TOOLCHAIN_GCC_ARM\libmbed.a(gpio_api.o)
                              Utils/SX1280Lib/sx1280-hal.o (gpio_mode)
../mbed/TARGET_NUCLEO_L432KC/TOOLCHAIN_GCC_ARM\libmbed.a(pinmap.o)
                              ../mbed/TARGET_NUCLEO_L432KC/TOOLCHAIN_GCC_ARM\libmbed.a(gpio_api.o) (Set_GPIO_Clock)
../mbed/TARGET_NUCLEO_L432KC/TOOLCHAIN_GCC_ARM\libmbed.a(serial_api.o)
                              ../mbed/TARGET_NUCLEO_L432KC/TOOLCHAIN_GCC_ARM/mbed_board.o (serial_init)
../mbed/TARGET_NUCLEO_L432KC/TOOLCHAIN_GCC_ARM\libmbed.a(FilePath.o)
                              ../mbed/TARGET_NUCLEO_L432KC/TOOLCHAIN_GCC_ARM/retarget.o (mbed::FilePath::FilePath(char const*))
../mbed/TARGET_NUCLEO_L432KC/TOOLCHAIN_GCC_ARM\libmbed.a(FileSystemLike.o)
                              ../mbed/TARGET_NUCLEO_L432KC/TOOLCHAIN_GCC_ARM/retarget.o (mbed::FileSystemLike::opendir())
../mbed/TARGET_NUCLEO_L432KC/TOOLCHAIN_GCC_ARM\libmbed.a(InterruptIn.o)
                              Utils/SX1280Lib/sx1280-hal.o (mbed::InterruptIn::operator int())
../mbed/TARGET_NUCLEO_L432KC/TOOLCHAIN_GCC_ARM\libmbed.a(SPI.o)
                              Utils/SX1280Lib/sx1280-hal.o (mbed::SPI::SPI(PinName, PinName, PinName, PinName))
../mbed/TARGET_NUCLEO_L432KC/TOOLCHAIN_GCC_ARM\libmbed.a(Serial.o)
                              Utils/SX1280Lib/sx1280-hal.o (mbed::Serial::Serial(PinName, PinName, char const*))
../mbed/TARGET_NUCLEO_L432KC/TOOLCHAIN_GCC_ARM\libmbed.a(Ticker.o)
                              Peripherals/Timers.o (mbed::Ticker::detach())
../mbed/TARGET_NUCLEO_L432KC/TOOLCHAIN_GCC_ARM\libmbed.a(Stream.o)
                              ../mbed/TARGET_NUCLEO_L432KC/TOOLCHAIN_GCC_ARM\libmbed.a(Serial.o) (mbed::Stream::close())
../mbed/TARGET_NUCLEO_L432KC/TOOLCHAIN_GCC_ARM\libmbed.a(SerialBase.o)
                              ../mbed/TARGET_NUCLEO_L432KC/TOOLCHAIN_GCC_ARM\libmbed.a(Serial.o) (mbed::SerialBase::SerialBase(PinName, PinName))
../mbed/TARGET_NUCLEO_L432KC/TOOLCHAIN_GCC_ARM\libmbed.a(TimerEvent.o)
                              Peripherals/Timers.o (mbed::TimerEvent::TimerEvent())
../mbed/TARGET_NUCLEO_L432KC/TOOLCHAIN_GCC_ARM\libmbed.a(mbed_assert.o)
                              ../mbed/TARGET_NUCLEO_L432KC/TOOLCHAIN_GCC_ARM/retarget.o (mbed_assert_internal)
../mbed/TARGET_NUCLEO_L432KC/TOOLCHAIN_GCC_ARM\libmbed.a(mbed_critical.o)
                              Utils/SX1280Lib/sx1280-hal.o (core_util_critical_section_enter)
../mbed/TARGET_NUCLEO_L432KC/TOOLCHAIN_GCC_ARM\libmbed.a(mbed_error.o)
                              ../mbed/TARGET_NUCLEO_L432KC/TOOLCHAIN_GCC_ARM/retarget.o (error)
../mbed/TARGET_NUCLEO_L432KC/TOOLCHAIN_GCC_ARM\libmbed.a(mbed_gpio.o)
                              Utils/SX1280Lib/sx1280-hal.o (gpio_init_in)
../mbed/TARGET_NUCLEO_L432KC/TOOLCHAIN_GCC_ARM\libmbed.a(mbed_pinmap_common.o)
                              ../mbed/TARGET_NUCLEO_L432KC/TOOLCHAIN_GCC_ARM\libmbed.a(serial_api.o) (pinmap_pinout)
../mbed/TARGET_NUCLEO_L432KC/TOOLCHAIN_GCC_ARM\libmbed.a(mbed_rtc_time.o)
                              Utils/Utils.o (time)
../mbed/TARGET_NUCLEO_L432KC/TOOLCHAIN_GCC_ARM\libmbed.a(mbed_ticker_api.o)
                              ../mbed/TARGET_NUCLEO_L432KC/TOOLCHAIN_GCC_ARM\libmbed.a(TimerEvent.o) (ticker_set_handler)
../mbed/TARGET_NUCLEO_L432KC/TOOLCHAIN_GCC_ARM\libmbed.a(mbed_us_ticker_api.o)
                              ../mbed/TARGET_NUCLEO_L432KC/TOOLCHAIN_GCC_ARM\libmbed.a(TimerEvent.o) (get_us_ticker_data)
../mbed/TARGET_NUCLEO_L432KC/TOOLCHAIN_GCC_ARM\libmbed.a(mbed_wait_api.o)
                              Utils/SX1280Lib/sx1280-hal.o (wait_us)
../mbed/TARGET_NUCLEO_L432KC/TOOLCHAIN_GCC_ARM\libmbed.a(PeripheralPins.o)
                              ../mbed/TARGET_NUCLEO_L432KC/TOOLCHAIN_GCC_ARM\libmbed.a(serial_api.o) (PinMap_UART_CTS)
../mbed/TARGET_NUCLEO_L432KC/TOOLCHAIN_GCC_ARM\libmbed.a(gpio_irq_api.o)
                              ../mbed/TARGET_NUCLEO_L432KC/TOOLCHAIN_GCC_ARM\libmbed.a(InterruptIn.o) (gpio_irq_init)
../mbed/TARGET_NUCLEO_L432KC/TOOLCHAIN_GCC_ARM\libmbed.a(rtc_api.o)
                              ../mbed/TARGET_NUCLEO_L432KC/TOOLCHAIN_GCC_ARM\libmbed.a(mbed_rtc_time.o) (rtc_isenabled)
../mbed/TARGET_NUCLEO_L432KC/TOOLCHAIN_GCC_ARM\libmbed.a(us_ticker.o)
                              ../mbed/TARGET_NUCLEO_L432KC/TOOLCHAIN_GCC_ARM\libmbed.a(mbed_us_ticker_api.o) (us_ticker_init)
../mbed/TARGET_NUCLEO_L432KC/TOOLCHAIN_GCC_ARM\libmbed.a(spi_api.o)
                              ../mbed/TARGET_NUCLEO_L432KC/TOOLCHAIN_GCC_ARM\libmbed.a(SPI.o) (spi_init)
../mbed/TARGET_NUCLEO_L432KC/TOOLCHAIN_GCC_ARM\libmbed.a(FileBase.o)
                              ../mbed/TARGET_NUCLEO_L432KC/TOOLCHAIN_GCC_ARM\libmbed.a(FileSystemLike.o) (mbed::FileBase::getName())
../mbed/TARGET_NUCLEO_L432KC/TOOLCHAIN_GCC_ARM\libmbed.a(FileLike.o)
[...]
Memory Configuration

Name             Origin             Length             Attributes
FLASH            0x08000000         0x00040000         xr
SRAM2            0x10000188         0x00003e78         xrw
SRAM1            0x20000000         0x0000c000         xrw
*default*        0x00000000         0xffffffff

Linker script and memory map

LOAD c:/program files (x86)/gnu arm embedded toolchain/9 2020-q2-update/bin/../lib/gcc/arm-none-eabi/9.3.1/thumb/v7e-m+fp/softfp/crti.o
LOAD c:/program files (x86)/gnu arm embedded toolchain/9 2020-q2-update/bin/../lib/gcc/arm-none-eabi/9.3.1/thumb/v7e-m+fp/softfp/crtbegin.o
LOAD c:/program files (x86)/gnu arm embedded toolchain/9 2020-q2-update/bin/../lib/gcc/arm-none-eabi/9.3.1/../../../../arm-none-eabi/lib/thumb/v7e-m+fp/softfp/crt0.o
START GROUP
LOAD c:/program files (x86)/gnu arm embedded toolchain/9 2020-q2-update/bin/../lib/gcc/arm-none-eabi/9.3.1/../../../../arm-none-eabi/lib/thumb/v7e-m+fp/softfp\libstdc++.a
LOAD c:/program files (x86)/gnu arm embedded toolchain/9 2020-q2-update/bin/../lib/gcc/arm-none-eabi/9.3.1/../../../../arm-none-eabi/lib/thumb/v7e-m+fp/softfp\libsupc++.a
LOAD c:/program files (x86)/gnu arm embedded toolchain/9 2020-q2-update/bin/../lib/gcc/arm-none-eabi/9.3.1/thumb/v7e-m+fp/softfp\libgcc.a
LOAD c:/program files (x86)/gnu arm embedded toolchain/9 2020-q2-update/bin/../lib/gcc/arm-none-eabi/9.3.1/../../../../arm-none-eabi/lib/thumb/v7e-m+fp/softfp\libnosys.a
END GROUP
LOAD Peripherals/Eeprom.o
LOAD Peripherals/Timers.o
LOAD Utils/SX1280Lib/RangingCorrection.o
LOAD Utils/SX1280Lib/sx1280-hal.o
LOAD Utils/SX1280Lib/sx1280.o
LOAD Utils/Utils.o
LOAD main.o
LOAD ../mbed/TARGET_NUCLEO_L432KC/TOOLCHAIN_GCC_ARM/cmsis_nvic.o
LOAD ../mbed/TARGET_NUCLEO_L432KC/TOOLCHAIN_GCC_ARM/hal_tick.o
LOAD ../mbed/TARGET_NUCLEO_L432KC/TOOLCHAIN_GCC_ARM/mbed_board.o
LOAD ../mbed/TARGET_NUCLEO_L432KC/TOOLCHAIN_GCC_ARM/mbed_overrides.o
LOAD ../mbed/TARGET_NUCLEO_L432KC/TOOLCHAIN_GCC_ARM/retarget.o
LOAD ../mbed/TARGET_NUCLEO_L432KC/TOOLCHAIN_GCC_ARM/startup_stm32l432xx.o
LOAD ../mbed/TARGET_NUCLEO_L432KC/TOOLCHAIN_GCC_ARM/stm32l4xx_hal.o
LOAD ../mbed/TARGET_NUCLEO_L432KC/TOOLCHAIN_GCC_ARM/stm32l4xx_hal_adc.o
LOAD ../mbed/TARGET_NUCLEO_L432KC/TOOLCHAIN_GCC_ARM/stm32l4xx_hal_adc_ex.o
LOAD ../mbed/TARGET_NUCLEO_L432KC/TOOLCHAIN_GCC_ARM/stm32l4xx_hal_can.o
LOAD ../mbed/TARGET_NUCLEO_L432KC/TOOLCHAIN_GCC_ARM/stm32l4xx_hal_comp.o
LOAD ../mbed/TARGET_NUCLEO_L432KC/TOOLCHAIN_GCC_ARM/stm32l4xx_hal_cortex.o
LOAD ../mbed/TARGET_NUCLEO_L432KC/TOOLCHAIN_GCC_ARM/stm32l4xx_hal_crc.o
LOAD ../mbed/TARGET_NUCLEO_L432KC/TOOLCHAIN_GCC_ARM/stm32l4xx_hal_crc_ex.o
LOAD ../mbed/TARGET_NUCLEO_L432KC/TOOLCHAIN_GCC_ARM/stm32l4xx_hal_cryp.o
LOAD ../mbed/TARGET_NUCLEO_L432KC/TOOLCHAIN_GCC_ARM/stm32l4xx_hal_cryp_ex.o
LOAD ../mbed/TARGET_NUCLEO_L432KC/TOOLCHAIN_GCC_ARM/stm32l4xx_hal_dac.o
LOAD ../mbed/TARGET_NUCLEO_L432KC/TOOLCHAIN_GCC_ARM/stm32l4xx_hal_dac_ex.o
LOAD ../mbed/TARGET_NUCLEO_L432KC/TOOLCHAIN_GCC_ARM/stm32l4xx_hal_dfsdm.o
LOAD ../mbed/TARGET_NUCLEO_L432KC/TOOLCHAIN_GCC_ARM/stm32l4xx_hal_dma.o
LOAD ../mbed/TARGET_NUCLEO_L432KC/TOOLCHAIN_GCC_ARM/stm32l4xx_hal_firewall.o
LOAD ../mbed/TARGET_NUCLEO_L432KC/TOOLCHAIN_GCC_ARM/stm32l4xx_hal_flash.o
LOAD ../mbed/TARGET_NUCLEO_L432KC/TOOLCHAIN_GCC_ARM/stm32l4xx_hal_flash_ex.o
LOAD ../mbed/TARGET_NUCLEO_L432KC/TOOLCHAIN_GCC_ARM/stm32l4xx_hal_flash_ramfunc.o
LOAD ../mbed/TARGET_NUCLEO_L432KC/TOOLCHAIN_GCC_ARM/stm32l4xx_hal_gpio.o
LOAD ../mbed/TARGET_NUCLEO_L432KC/TOOLCHAIN_GCC_ARM/stm32l4xx_hal_hcd.o
LOAD ../mbed/TARGET_NUCLEO_L432KC/TOOLCHAIN_GCC_ARM/stm32l4xx_hal_i2c.o
LOAD ../mbed/TARGET_NUCLEO_L432KC/TOOLCHAIN_GCC_ARM/stm32l4xx_hal_i2c_ex.o
LOAD ../mbed/TARGET_NUCLEO_L432KC/TOOLCHAIN_GCC_ARM/stm32l4xx_hal_irda.o
LOAD ../mbed/TARGET_NUCLEO_L432KC/TOOLCHAIN_GCC_ARM/stm32l4xx_hal_iwdg.o
LOAD ../mbed/TARGET_NUCLEO_L432KC/TOOLCHAIN_GCC_ARM/stm32l4xx_hal_lcd.o
LOAD ../mbed/TARGET_NUCLEO_L432KC/TOOLCHAIN_GCC_ARM/stm32l4xx_hal_lptim.o
LOAD ../mbed/TARGET_NUCLEO_L432KC/TOOLCHAIN_GCC_ARM/stm32l4xx_hal_msp_template.o
LOAD ../mbed/TARGET_NUCLEO_L432KC/TOOLCHAIN_GCC_ARM/stm32l4xx_hal_nand.o
LOAD ../mbed/TARGET_NUCLEO_L432KC/TOOLCHAIN_GCC_ARM/stm32l4xx_hal_nor.o
LOAD ../mbed/TARGET_NUCLEO_L432KC/TOOLCHAIN_GCC_ARM/stm32l4xx_hal_opamp.o
LOAD ../mbed/TARGET_NUCLEO_L432KC/TOOLCHAIN_GCC_ARM/stm32l4xx_hal_opamp_ex.o
LOAD ../mbed/TARGET_NUCLEO_L432KC/TOOLCHAIN_GCC_ARM/stm32l4xx_hal_pcd.o
LOAD ../mbed/TARGET_NUCLEO_L432KC/TOOLCHAIN_GCC_ARM/stm32l4xx_hal_pcd_ex.o
LOAD ../mbed/TARGET_NUCLEO_L432KC/TOOLCHAIN_GCC_ARM/stm32l4xx_hal_pwr.o
LOAD ../mbed/TARGET_NUCLEO_L432KC/TOOLCHAIN_GCC_ARM/stm32l4xx_hal_pwr_ex.o
LOAD ../mbed/TARGET_NUCLEO_L432KC/TOOLCHAIN_GCC_ARM/stm32l4xx_hal_qspi.o
LOAD ../mbed/TARGET_NUCLEO_L432KC/TOOLCHAIN_GCC_ARM/stm32l4xx_hal_rcc.o
LOAD ../mbed/TARGET_NUCLEO_L432KC/TOOLCHAIN_GCC_ARM/stm32l4xx_hal_rcc_ex.o
LOAD ../mbed/TARGET_NUCLEO_L432KC/TOOLCHAIN_GCC_ARM/stm32l4xx_hal_rng.o
LOAD ../mbed/TARGET_NUCLEO_L432KC/TOOLCHAIN_GCC_ARM/stm32l4xx_hal_rtc.o
LOAD ../mbed/TARGET_NUCLEO_L432KC/TOOLCHAIN_GCC_ARM/stm32l4xx_hal_rtc_ex.o
LOAD ../mbed/TARGET_NUCLEO_L432KC/TOOLCHAIN_GCC_ARM/stm32l4xx_hal_sai.o
LOAD ../mbed/TARGET_NUCLEO_L432KC/TOOLCHAIN_GCC_ARM/stm32l4xx_hal_sd.o
LOAD ../mbed/TARGET_NUCLEO_L432KC/TOOLCHAIN_GCC_ARM/stm32l4xx_hal_smartcard.o
LOAD ../mbed/TARGET_NUCLEO_L432KC/TOOLCHAIN_GCC_ARM/stm32l4xx_hal_smartcard_ex.o
LOAD ../mbed/TARGET_NUCLEO_L432KC/TOOLCHAIN_GCC_ARM/stm32l4xx_hal_smbus.o
LOAD ../mbed/TARGET_NUCLEO_L432KC/TOOLCHAIN_GCC_ARM/stm32l4xx_hal_spi.o
LOAD ../mbed/TARGET_NUCLEO_L432KC/TOOLCHAIN_GCC_ARM/stm32l4xx_hal_spi_ex.o
LOAD ../mbed/TARGET_NUCLEO_L432KC/TOOLCHAIN_GCC_ARM/stm32l4xx_hal_sram.o
LOAD ../mbed/TARGET_NUCLEO_L432KC/TOOLCHAIN_GCC_ARM/stm32l4xx_hal_swpmi.o
LOAD ../mbed/TARGET_NUCLEO_L432KC/TOOLCHAIN_GCC_ARM/stm32l4xx_hal_tim.o
LOAD ../mbed/TARGET_NUCLEO_L432KC/TOOLCHAIN_GCC_ARM/stm32l4xx_hal_tim_ex.o
LOAD ../mbed/TARGET_NUCLEO_L432KC/TOOLCHAIN_GCC_ARM/stm32l4xx_hal_tsc.o
LOAD ../mbed/TARGET_NUCLEO_L432KC/TOOLCHAIN_GCC_ARM/stm32l4xx_hal_uart.o
LOAD ../mbed/TARGET_NUCLEO_L432KC/TOOLCHAIN_GCC_ARM/stm32l4xx_hal_uart_ex.o
LOAD ../mbed/TARGET_NUCLEO_L432KC/TOOLCHAIN_GCC_ARM/stm32l4xx_hal_usart.o
LOAD ../mbed/TARGET_NUCLEO_L432KC/TOOLCHAIN_GCC_ARM/stm32l4xx_hal_wwdg.o
LOAD ../mbed/TARGET_NUCLEO_L432KC/TOOLCHAIN_GCC_ARM/stm32l4xx_ll_adc.o
LOAD ../mbed/TARGET_NUCLEO_L432KC/TOOLCHAIN_GCC_ARM/stm32l4xx_ll_comp.o
LOAD ../mbed/TARGET_NUCLEO_L432KC/TOOLCHAIN_GCC_ARM/stm32l4xx_ll_crc.o
LOAD ../mbed/TARGET_NUCLEO_L432KC/TOOLCHAIN_GCC_ARM/stm32l4xx_ll_crs.o
LOAD ../mbed/TARGET_NUCLEO_L432KC/TOOLCHAIN_GCC_ARM/stm32l4xx_ll_dac.o
LOAD ../mbed/TARGET_NUCLEO_L432KC/TOOLCHAIN_GCC_ARM/stm32l4xx_ll_dma.o
LOAD ../mbed/TARGET_NUCLEO_L432KC/TOOLCHAIN_GCC_ARM/stm32l4xx_ll_exti.o
LOAD ../mbed/TARGET_NUCLEO_L432KC/TOOLCHAIN_GCC_ARM/stm32l4xx_ll_fmc.o
LOAD ../mbed/TARGET_NUCLEO_L432KC/TOOLCHAIN_GCC_ARM/stm32l4xx_ll_gpio.o
LOAD ../mbed/TARGET_NUCLEO_L432KC/TOOLCHAIN_GCC_ARM/stm32l4xx_ll_i2c.o
LOAD ../mbed/TARGET_NUCLEO_L432KC/TOOLCHAIN_GCC_ARM/stm32l4xx_ll_lptim.o
LOAD ../mbed/TARGET_NUCLEO_L432KC/TOOLCHAIN_GCC_ARM/stm32l4xx_ll_lpuart.o
LOAD ../mbed/TARGET_NUCLEO_L432KC/TOOLCHAIN_GCC_ARM/stm32l4xx_ll_opamp.o
LOAD ../mbed/TARGET_NUCLEO_L432KC/TOOLCHAIN_GCC_ARM/stm32l4xx_ll_pwr.o
LOAD ../mbed/TARGET_NUCLEO_L432KC/TOOLCHAIN_GCC_ARM/stm32l4xx_ll_rcc.o
LOAD ../mbed/TARGET_NUCLEO_L432KC/TOOLCHAIN_GCC_ARM/stm32l4xx_ll_rng.o
LOAD ../mbed/TARGET_NUCLEO_L432KC/TOOLCHAIN_GCC_ARM/stm32l4xx_ll_rtc.o
LOAD ../mbed/TARGET_NUCLEO_L432KC/TOOLCHAIN_GCC_ARM/stm32l4xx_ll_sdmmc.o
LOAD ../mbed/TARGET_NUCLEO_L432KC/TOOLCHAIN_GCC_ARM/stm32l4xx_ll_spi.o
LOAD ../mbed/TARGET_NUCLEO_L432KC/TOOLCHAIN_GCC_ARM/stm32l4xx_ll_swpmi.o
LOAD ../mbed/TARGET_NUCLEO_L432KC/TOOLCHAIN_GCC_ARM/stm32l4xx_ll_tim.o
LOAD ../mbed/TARGET_NUCLEO_L432KC/TOOLCHAIN_GCC_ARM/stm32l4xx_ll_usart.o
LOAD ../mbed/TARGET_NUCLEO_L432KC/TOOLCHAIN_GCC_ARM/stm32l4xx_ll_usb.o
LOAD ../mbed/TARGET_NUCLEO_L432KC/TOOLCHAIN_GCC_ARM/stm32l4xx_ll_utils.o
LOAD ../mbed/TARGET_NUCLEO_L432KC/TOOLCHAIN_GCC_ARM/system_stm32l4xx.o
LOAD ../mbed/TARGET_NUCLEO_L432KC/TOOLCHAIN_GCC_ARM\libmbed.a
LOAD c:/program files (x86)/gnu arm embedded toolchain/9 2020-q2-update/bin/../lib/gcc/arm-none-eabi/9.3.1/../../../../arm-none-eabi/lib/thumb/v7e-m+fp/softfp\libm.a
LOAD c:/program files (x86)/gnu arm embedded toolchain/9 2020-q2-update/bin/../lib/gcc/arm-none-eabi/9.3.1/../../../../arm-none-eabi/lib/thumb/v7e-m+fp/softfp\libstdc++.a
LOAD c:/program files (x86)/gnu arm embedded toolchain/9 2020-q2-update/bin/../lib/gcc/arm-none-eabi/9.3.1/../../../../arm-none-eabi/lib/thumb/v7e-m+fp/softfp\libm.a
LOAD c:/program files (x86)/gnu arm embedded toolchain/9 2020-q2-update/bin/../lib/gcc/arm-none-eabi/9.3.1/../../../../arm-none-eabi/lib/thumb/v7e-m+fp/softfp\libc.a
START GROUP
LOAD c:/program files (x86)/gnu arm embedded toolchain/9 2020-q2-update/bin/../lib/gcc/arm-none-eabi/9.3.1/thumb/v7e-m+fp/softfp\libgcc.a
LOAD c:/program files (x86)/gnu arm embedded toolchain/9 2020-q2-update/bin/../lib/gcc/arm-none-eabi/9.3.1/../../../../arm-none-eabi/lib/thumb/v7e-m+fp/softfp\libc.a
END GROUP
START GROUP
LOAD c:/program files (x86)/gnu arm embedded toolchain/9 2020-q2-update/bin/../lib/gcc/arm-none-eabi/9.3.1/thumb/v7e-m+fp/softfp\libgcc.a
LOAD c:/program files (x86)/gnu arm embedded toolchain/9 2020-q2-update/bin/../lib/gcc/arm-none-eabi/9.3.1/../../../../arm-none-eabi/lib/thumb/v7e-m+fp/softfp\libc.a
LOAD c:/program files (x86)/gnu arm embedded toolchain/9 2020-q2-update/bin/../lib/gcc/arm-none-eabi/9.3.1/../../../../arm-none-eabi/lib/thumb/v7e-m+fp/softfp\libnosys.a
END GROUP
LOAD c:/program files (x86)/gnu arm embedded toolchain/9 2020-q2-update/bin/../lib/gcc/arm-none-eabi/9.3.1/thumb/v7e-m+fp/softfp/crtend.o
LOAD c:/program files (x86)/gnu arm embedded toolchain/9 2020-q2-update/bin/../lib/gcc/arm-none-eabi/9.3.1/thumb/v7e-m+fp/softfp/crtn.o

.text           0x08000000    0x1f1d0
 *(.isr_vector)
 .isr_vector    0x08000000      0x18c ../mbed/TARGET_NUCLEO_L432KC/TOOLCHAIN_GCC_ARM/startup_stm32l432xx.o
                0x08000000                g_pfnVectors
 *(.text*)
 .text          0x0800018c       0x40 c:/program files (x86)/gnu arm embedded toolchain/9 2020-q2-update/bin/../lib/gcc/arm-none-eabi/9.3.1/thumb/v7e-m+fp/softfp/crtbegin.o
 .text          0x080001cc       0x7c c:/program files (x86)/gnu arm embedded toolchain/9 2020-q2-update/bin/../lib/gcc/arm-none-eabi/9.3.1/../../../../arm-none-eabi/lib/thumb/v7e-m+fp/softfp/crt0.o
                0x080001cc                _stack_init
                0x080001d4                _start
                0x080001d4                _mainCRTStartup
 .text._ZN4mbed8CallbackIFvvEE12_staticthunkEPvS3_
                0x08000248        0x4 Peripherals/Timers.o
                0x08000248                mbed::Callback<void ()>::_staticthunk(void*, void*)
 .text._ZN4mbed6TickerD2Ev
                0x0800024c       0x1c Peripherals/Timers.o
                0x0800024c                mbed::Ticker::~Ticker()
                0x0800024c                mbed::Ticker::~Ticker()
 .text._ZN4mbed6TickerD0Ev
                0x08000268       0x24 Peripherals/Timers.o
                0x08000268                mbed::Ticker::~Ticker()
 .text.startup._GLOBAL__sub_I_TickTimer
                0x0800028c       0x34 Peripherals/Timers.o
 .text._ZN23Sx1280RangingCorrection31GetRangingCorrectionPerSfBwGainE27RadioLoRaSpreadingFactors_t21RadioLoRaBandwidths_ta
                0x080002c0       0x64 Utils/SX1280Lib/RangingCorrection.o
                0x080002c0                Sx1280RangingCorrection::GetRangingCorrectionPerSfBwGain(RadioLoRaSpreadingFactors_t, RadioLoRaBandwidths_t, signed char)
 .text._ZN23Sx1280RangingCorrection32ComputeRangingCorrectionPolynomeE27RadioLoRaSpreadingFactors_t21RadioLoRaBandwidths_td
                0x08000324       0xc0 Utils/SX1280Lib/RangingCorrection.o
                0x08000324                Sx1280RangingCorrection::ComputeRangingCorrectionPolynome(RadioLoRaSpreadingFactors_t, RadioLoRaBandwidths_t, double)
 .text._ZN4mbed8CallbackIFvvEE12_methodthunkI9SX1280HalEEvPvS5_
                0x080003e4       0x24 Utils/SX1280Lib/sx1280-hal.o
                0x080003e4                void mbed::Callback<void ()>::_methodthunk<SX1280Hal>(void*, void*)
 .text._ZN4mbed3SPID0Ev
                0x08000408       0x10 Utils/SX1280Lib/sx1280-hal.o
                0x08000408                mbed::SPI::~SPI()
 .text._ZN9SX1280Hal7SpiInitEv
                0x08000418       0x38 Utils/SX1280Lib/sx1280-hal.o
                0x08000418                SX1280Hal::SpiInit()
 .text._ZN9SX1280Hal8UartInitEv
                0x08000450       0x24 Utils/SX1280Lib/sx1280-hal.o
                0x08000450                SX1280Hal::UartInit()
 .text._ZN9SX1280Hal5ResetEv
                0x08000474       0x4c Utils/SX1280Lib/sx1280-hal.o
                0x08000474                SX1280Hal::Reset()
 .text._ZN9SX1280Hal12WriteCommandE15RadioCommands_uPht
                0x080004c0       0x9c Utils/SX1280Lib/sx1280-hal.o
                0x080004c0                SX1280Hal::WriteCommand(RadioCommands_u, unsigned char*, unsigned short)
 .text._ZN9SX1280Hal13WriteRegisterEtPht
                0x0800055c      0x190 Utils/SX1280Lib/sx1280-hal.o
                0x0800055c                SX1280Hal::WriteRegister(unsigned short, unsigned char*, unsigned short)
 .text._ZN9SX1280Hal11WriteBufferEhPhh
                0x080006ec       0xac Utils/SX1280Lib/sx1280-hal.o
                0x080006ec                SX1280Hal::WriteBuffer(unsigned char, unsigned char*, unsigned char)
 .text._ZN9SX1280Hal11ReadCommandE15RadioCommands_uPht
                0x08000798       0xdc Utils/SX1280Lib/sx1280-hal.o
                0x08000798                SX1280Hal::ReadCommand(RadioCommands_u, unsigned char*, unsigned short)
 .text._ZN9SX1280Hal12ReadRegisterEtPht
                0x08000874      0x1b0 Utils/SX1280Lib/sx1280-hal.o
                0x08000874                SX1280Hal::ReadRegister(unsigned short, unsigned char*, unsigned short)
 .text._ZN9SX1280Hal10ReadBufferEhPhh
                0x08000a24       0xc0 Utils/SX1280Lib/sx1280-hal.o
                0x08000a24                SX1280Hal::ReadBuffer(unsigned char, unsigned char*, unsigned char)
 .text._ZN9SX1280Hal12GetDioStatusEv
                0x08000ae4       0x3c Utils/SX1280Lib/sx1280-hal.o
                0x08000ae4                SX1280Hal::GetDioStatus()
 .text._ZN9SX1280HalD2Ev
                0x08000b20       0x5c Utils/SX1280Lib/sx1280-hal.o
                0x08000b20                SX1280Hal::~SX1280Hal()
                0x08000b20                SX1280Hal::~SX1280Hal()
 .text._ZN9SX1280Hal9IoIrqInitEM6SX1280FvvE
                0x08000b7c      0x15c Utils/SX1280Lib/sx1280-hal.o
                0x08000b7c                SX1280Hal::IoIrqInit(void (SX1280::*)())
 .text._ZN9SX1280Hal13WriteRegisterEth
                0x08000cd8       0xcc Utils/SX1280Lib/sx1280-hal.o
                0x08000cd8                SX1280Hal::WriteRegister(unsigned short, unsigned char)
 .text._ZN9SX1280Hal6WakeupEv
                0x08000da4      0x144 Utils/SX1280Lib/sx1280-hal.o
                0x08000da4                SX1280Hal::Wakeup()
 .text._ZN9SX1280Hal12ReadRegisterEt
                0x08000ee8       0xd8 Utils/SX1280Lib/sx1280-hal.o
                0x08000ee8                SX1280Hal::ReadRegister(unsigned short)
 .text._ZN9SX1280HalD0Ev
                0x08000fc0       0x64 Utils/SX1280Lib/sx1280-hal.o
                0x08000fc0                SX1280Hal::~SX1280Hal()
 .text._ZN4mbed3SPID2Ev
                0x08001024        0x4 Utils/SX1280Lib/sx1280-hal.o
                0x08001024                mbed::SPI::~SPI()
                0x08001024                mbed::SPI::~SPI()
 .text._ZN9SX1280HalC2E7PinNameS0_S0_S0_S0_S0_S0_S0_S0_P16RadioCallbacks_t
                0x08001028      0x15c Utils/SX1280Lib/sx1280-hal.o
                0x08001028                SX1280Hal::SX1280Hal(PinName, PinName, PinName, PinName, PinName, PinName, PinName, PinName, PinName, RadioCallbacks_t*)
                0x08001028                SX1280Hal::SX1280Hal(PinName, PinName, PinName, PinName, PinName, PinName, PinName, PinName, PinName, RadioCallbacks_t*)
 .text._ZN6SX128018GetFirmwareVersionEv
                0x08001184       0x28 Utils/SX1280Lib/sx1280.o
                0x08001184                SX1280::GetFirmwareVersion()
 .text._ZN6SX12809GetStatusEv
                0x080011ac       0x20 Utils/SX1280Lib/sx1280.o
                0x080011ac                SX1280::GetStatus()
 .text._ZN6SX12809GetOpModeEv
                0x080011cc        0x8 Utils/SX1280Lib/sx1280.o
                0x080011cc                SX1280::GetOpMode()
 .text._ZN6SX128010SetStandbyE19RadioStandbyModes_t
                0x080011d4       0x2c Utils/SX1280Lib/sx1280.o
                0x080011d4                SX1280::SetStandby(RadioStandbyModes_t)
 .text._ZN6SX12805SetTxE10TickTime_s
                0x08001200       0x60 Utils/SX1280Lib/sx1280.o
                0x08001200                SX1280::SetTx(TickTime_s)
 .text._ZN6SX12805SetRxE10TickTime_s
                0x08001260       0x60 Utils/SX1280Lib/sx1280.o
                0x08001260                SX1280::SetRx(TickTime_s)
 .text._ZN6SX128013SetPacketTypeE18RadioPacketTypes_t
                0x080012c0       0x20 Utils/SX1280Lib/sx1280.o
                0x080012c0                SX1280::SetPacketType(RadioPacketTypes_t)
 .text._ZN6SX128014SetRfFrequencyEm
                0x080012e0       0x48 Utils/SX1280Lib/sx1280.o
                0x080012e0                SX1280::SetRfFrequency(unsigned long)
 .text._ZN6SX128011SetTxParamsEa16RadioRampTimes_t
                0x08001328       0x20 Utils/SX1280Lib/sx1280.o
                0x08001328                SX1280::SetTxParams(signed char, RadioRampTimes_t)
 .text._ZN6SX128022SetBufferBaseAddressesEhh
                0x08001348       0x1c Utils/SX1280Lib/sx1280.o
                0x08001348                SX1280::SetBufferBaseAddresses(unsigned char, unsigned char)
 .text._ZN6SX128019SetModulationParamsEP18ModulationParams_t
                0x08001364       0xb8 Utils/SX1280Lib/sx1280.o
                0x08001364                SX1280::SetModulationParams(ModulationParams_t*)
 .text._ZN6SX128015SetPacketParamsEP14PacketParams_t
                0x0800141c       0xc0 Utils/SX1280Lib/sx1280.o
                0x0800141c                SX1280::SetPacketParams(PacketParams_t*)
 .text._ZN6SX128015GetPacketStatusEP14PacketStatus_t
                0x080014dc      0x1d0 Utils/SX1280Lib/sx1280.o
                0x080014dc                SX1280::GetPacketStatus(PacketStatus_t*)
 .text._ZN6SX128014ClearIrqStatusEt
                0x080016ac       0x1c Utils/SX1280Lib/sx1280.o
                0x080016ac                SX1280::ClearIrqStatus(unsigned short)
 .text._ZN6SX128016SetRegulatorModeE21RadioRegulatorModes_t
                0x080016c8       0x1c Utils/SX1280Lib/sx1280.o
                0x080016c8                SX1280::SetRegulatorMode(RadioRegulatorModes_t)
 .text._ZN6SX12809SetAutoFsEb
                0x080016e4       0x1c Utils/SX1280Lib/sx1280.o
                0x080016e4                SX1280::SetAutoFs(bool)
 .text._ZN6SX128010GetPayloadEPhS0_h
                0x08001700       0x84 Utils/SX1280Lib/sx1280.o
                0x08001700                SX1280::GetPayload(unsigned char*, unsigned char*, unsigned char)
 .text._ZN6SX128011SendPayloadEPhh10TickTime_sh
                0x08001784       0x74 Utils/SX1280Lib/sx1280.o
                0x08001784                SX1280::SendPayload(unsigned char*, unsigned char, TickTime_s, unsigned char)
 .text._ZN6SX128010SetCrcSeedEPh
                0x080017f8       0x58 Utils/SX1280Lib/sx1280.o
                0x080017f8                SX1280::SetCrcSeed(unsigned char*)
 .text._ZN6SX128016SetCrcPolynomialEt
                0x08001850       0x2c Utils/SX1280Lib/sx1280.o
                0x08001850                SX1280::SetCrcPolynomial(unsigned short)
 .text._ZN6SX128017SetLNAGainSettingE18RadioLnaSettings_t
                0x0800187c       0x4c Utils/SX1280Lib/sx1280.o
                0x0800187c                SX1280::SetLNAGainSetting(RadioLnaSettings_t)
 .text._ZN6SX128023SetDeviceRangingAddressEm
                0x080018c8       0x24 Utils/SX1280Lib/sx1280.o
                0x080018c8                SX1280::SetDeviceRangingAddress(unsigned long)
 .text._ZN6SX128024SetRangingRequestAddressEm
                0x080018ec       0x24 Utils/SX1280Lib/sx1280.o
                0x080018ec                SX1280::SetRangingRequestAddress(unsigned long)
 .text._ZN6SX128016GetRangingResultE25RadioRangingResultTypes_t
                0x08001910      0x190 Utils/SX1280Lib/sx1280.o
                0x08001910                SX1280::GetRangingResult(RadioRangingResultTypes_t)
 .text._ZN6SX128038GetRangingPowerDeltaThresholdIndicatorEv
                0x08001aa0       0x70 Utils/SX1280Lib/sx1280.o
                0x08001aa0                SX1280::GetRangingPowerDeltaThresholdIndicator()
 .text._ZN6SX128021SetRangingCalibrationEt
                0x08001b10       0x30 Utils/SX1280Lib/sx1280.o
                0x08001b10                SX1280::SetRangingCalibration(unsigned short)
 .text._ZN6SX128017GetFrequencyErrorEv
                0x08001b40      0x100 Utils/SX1280Lib/sx1280.o
                0x08001b40                SX1280::GetFrequencyError()
 .text._ZN6SX128014SetPollingModeEv
                0x08001c40        0x8 Utils/SX1280Lib/sx1280.o
                0x08001c40                SX1280::SetPollingMode()
 .text._ZN6SX128011ProcessIrqsEv
                0x08001c48      0x1fc Utils/SX1280Lib/sx1280.o
                0x08001c48                SX1280::ProcessIrqs()
 .text._ZN6SX12808OnDioIrqEv
                0x08001e44       0x14 Utils/SX1280Lib/sx1280.o
                0x08001e44                SX1280::OnDioIrq()
 .text._Z15onRangingConfigP8FSMState
                0x08001e58       0x48 Utils/Utils.o
                0x08001e58                onRangingConfig(FSMState*)
 .text._Z11OnTxTimeoutv
                0x08001ea0        0xc Utils/Utils.o
                0x08001ea0                OnTxTimeout()
 .text._Z11OnRxTimeoutv
                0x08001eac        0xc Utils/Utils.o
                0x08001eac                OnRxTimeout()
 .text._Z9OnRxError14IrqErrorCode_t
                0x08001eb8        0xc Utils/Utils.o
                0x08001eb8                OnRxError(IrqErrorCode_t)
 .text._Z8OnRxDonev
                0x08001ec4       0x3c Utils/Utils.o
                0x08001ec4                OnRxDone()
 .text._Z8OnTxDonev
                0x08001f00       0x14 Utils/Utils.o
                0x08001f00                OnTxDone()
 .text._Z10onEnableRxP8FSMState
                0x08001f14       0x34 Utils/Utils.o
                0x08001f14                onEnableRx(FSMState*)
 .text._Z19SendNextPacketEventv
                0x08001f48       0x30 Utils/Utils.o
                0x08001f48                SendNextPacketEvent()
 .text._Z13OnRangingDone16IrqRangingCode_t
                0x08001f78       0x28 Utils/Utils.o
                0x08001f78                OnRangingDone(IrqRangingCode_t)
 .text._Z17onRequestReceivedP8FSMState
                0x08001fa0       0xd8 Utils/Utils.o
                0x08001fa0                onRequestReceived(FSMState*)
 .text._Z11onRangingRxP8FSMState
                0x08002078       0xfc Utils/Utils.o
                0x08002078                onRangingRx(FSMState*)
 .text._Z13onMsgReceivedP8FSMState
                0x08002174      0x130 Utils/Utils.o
                0x08002174                onMsgReceived(FSMState*)
 .text._Z16onPrepareRangingP8FSMState
                0x080022a4       0xb0 Utils/Utils.o
                0x080022a4                onPrepareRanging(FSMState*)
 .text._Z13onRangingDoneP8FSMState
                0x08002354       0xa4 Utils/Utils.o
                0x08002354                onRangingDone(FSMState*)
 .text._Z20onWaitRangingRequestP8FSMState
                0x080023f8       0xb8 Utils/Utils.o
                0x080023f8                onWaitRangingRequest(FSMState*)
 .text._Z16onRangingRequestP8FSMState
                0x080024b0       0xfc Utils/Utils.o
                0x080024b0                onRangingRequest(FSMState*)
 .text._Z24InitializeDemoParametersh
                0x080025ac      0x1f8 Utils/Utils.o
                0x080025ac                InitializeDemoParameters(unsigned char)
 .text._Z29GetRadioModulationParameters1v
                0x080027a4      0x1ac Utils/Utils.o
                0x080027a4                GetRadioModulationParameters1()
 .text._Z29GetRadioModulationParameters3v
                0x08002950       0x68 Utils/Utils.o
                0x08002950                GetRadioModulationParameters3()
 .text._Z13CheckDistancev
                0x080029b8      0x2d0 Utils/Utils.o
                0x080029b8                CheckDistance()
 .text._Z9onRangingP8FSMState
                0x08002c88      0x120 Utils/Utils.o
                0x08002c88                onRanging(FSMState*)
 .text.startup._GLOBAL__sub_I_StringText
                0x08002da8      0x3d4 Utils/Utils.o
 .text._Z19StopDemoApplicationv.part.0
                0x0800317c       0x8c Utils/Utils.o
 .text._Z6onIdleP8FSMState
                0x08003208       0x64 Utils/Utils.o
                0x08003208                onIdle(FSMState*)
 .text._ZN4mbed6SerialD2Ev
                0x0800326c       0x70 main.o
                0x0800326c                mbed::Serial::~Serial()
                0x0800326c                mbed::Serial::~Serial()
                0x08003290                non-virtual thunk to mbed::Serial::~Serial()
                0x080032b8                non-virtual thunk to mbed::Serial::~Serial()
 .text._Z18configureUsbSerialv
                0x080032dc       0x4c main.o
                0x080032dc                configureUsbSerial()
 .text.startup.main
                0x08003328       0x48 main.o
                0x08003328                main
 .text._ZN4mbed6SerialD0Ev
                0x08003370       0x8c main.o
                0x08003370                mbed::Serial::~Serial()
                0x0800339c                non-virtual thunk to mbed::Serial::~Serial()
                0x080033d0                non-virtual thunk to mbed::Serial::~Serial()
 .text.startup._GLOBAL__sub_I_F_CS
                0x080033fc       0x9c main.o
 .text.__NVIC_SetVector
                0x08003498       0x40 ../mbed/TARGET_NUCLEO_L432KC/TOOLCHAIN_GCC_ARM/cmsis_nvic.o
                0x08003498                __NVIC_SetVector
 .text.timer_irq_handler
                0x080034d8       0x5c ../mbed/TARGET_NUCLEO_L432KC/TOOLCHAIN_GCC_ARM/hal_tick.o
                0x080034d8                timer_irq_handler
 .text.HAL_InitTick
                0x08003534       0xac ../mbed/TARGET_NUCLEO_L432KC/TOOLCHAIN_GCC_ARM/hal_tick.o
                0x08003534                HAL_InitTick
 .text.mbed_die
                0x080035e0       0x14 ../mbed/TARGET_NUCLEO_L432KC/TOOLCHAIN_GCC_ARM/mbed_board.o
                0x080035e0                mbed_die
 .text.mbed_error_vfprintf
                0x080035f4       0x50 ../mbed/TARGET_NUCLEO_L432KC/TOOLCHAIN_GCC_ARM/mbed_board.o
                0x080035f4                mbed_error_vfprintf
 .text.mbed_error_printf
                0x08003644       0x1a ../mbed/TARGET_NUCLEO_L432KC/TOOLCHAIN_GCC_ARM/mbed_board.o
                0x08003644                mbed_error_printf
 .text.mbed_sdk_init
                0x0800365e        0x4 ../mbed/TARGET_NUCLEO_L432KC/TOOLCHAIN_GCC_ARM/mbed_overrides.o
                0x0800365e                mbed_sdk_init
 .text._ZN4mbed10FileHandle4lockEv
                0x08003662        0x2 ../mbed/TARGET_NUCLEO_L432KC/TOOLCHAIN_GCC_ARM/retarget.o
                0x08003662                mbed::FileHandle::lock()
 .text._ZN4mbed10FileHandle6unlockEv
                0x08003664        0x2 ../mbed/TARGET_NUCLEO_L432KC/TOOLCHAIN_GCC_ARM/retarget.o
                0x08003664                mbed::FileHandle::unlock()
 .text._ZN4mbed10FileHandle4flenEv
                0x08003666       0x4c ../mbed/TARGET_NUCLEO_L432KC/TOOLCHAIN_GCC_ARM/retarget.o
                0x08003666                mbed::FileHandle::flen()
 *fill*         0x080036b2        0x2 
 .text._ZL11init_serialv
                0x080036b4       0x2c ../mbed/TARGET_NUCLEO_L432KC/TOOLCHAIN_GCC_ARM/retarget.o
 .text._close   0x080036e0       0x2c ../mbed/TARGET_NUCLEO_L432KC/TOOLCHAIN_GCC_ARM/retarget.o
                0x080036e0                _close
 .text._write   0x0800370c       0x50 ../mbed/TARGET_NUCLEO_L432KC/TOOLCHAIN_GCC_ARM/retarget.o
                0x0800370c                _write
 .text._read    0x0800375c       0x44 ../mbed/TARGET_NUCLEO_L432KC/TOOLCHAIN_GCC_ARM/retarget.o
                0x0800375c                _read
 .text._isatty  0x080037a0       0x24 ../mbed/TARGET_NUCLEO_L432KC/TOOLCHAIN_GCC_ARM/retarget.o
                0x080037a0                _isatty
 .text._lseek   0x080037c4       0x24 ../mbed/TARGET_NUCLEO_L432KC/TOOLCHAIN_GCC_ARM/retarget.o
                0x080037c4                _lseek
 .text._fstat   0x080037e8       0x1e ../mbed/TARGET_NUCLEO_L432KC/TOOLCHAIN_GCC_ARM/retarget.o
                0x080037e8                _fstat
 .text.__cxa_pure_virtual
                0x08003806        0x8 ../mbed/TARGET_NUCLEO_L432KC/TOOLCHAIN_GCC_ARM/retarget.o
                0x08003806                __cxa_pure_virtual
 .text.software_init_hook_rtos
                0x0800380e        0x2 ../mbed/TARGET_NUCLEO_L432KC/TOOLCHAIN_GCC_ARM/retarget.o
                0x0800380e                software_init_hook_rtos
 .text.software_init_hook
                0x08003810        0x8 ../mbed/TARGET_NUCLEO_L432KC/TOOLCHAIN_GCC_ARM/retarget.o
                0x08003810                software_init_hook
 .text.mbed_main
                0x08003818        0x2 ../mbed/TARGET_NUCLEO_L432KC/TOOLCHAIN_GCC_ARM/retarget.o
                0x08003818                mbed_main
 .text.__wrap_main
                0x0800381a       0x12 ../mbed/TARGET_NUCLEO_L432KC/TOOLCHAIN_GCC_ARM/retarget.o
                0x0800381a                __wrap_main
 .text._sbrk    0x0800382c       0x44 ../mbed/TARGET_NUCLEO_L432KC/TOOLCHAIN_GCC_ARM/retarget.o
                0x0800382c                _sbrk
 .text._exit    0x08003870       0x24 ../mbed/TARGET_NUCLEO_L432KC/TOOLCHAIN_GCC_ARM/retarget.o
                0x08003870                _exit
 .text._ZN4mbed26mbed_set_unbuffered_streamEP7__sFILE
                0x08003894        0x6 ../mbed/TARGET_NUCLEO_L432KC/TOOLCHAIN_GCC_ARM/retarget.o
                0x08003894                mbed::mbed_set_unbuffered_stream(__sFILE*)
 .text._ZN4mbed9mbed_getcEP7__sFILE
                0x0800389a        0x4 ../mbed/TARGET_NUCLEO_L432KC/TOOLCHAIN_GCC_ARM/retarget.o
                0x0800389a                mbed::mbed_getc(__sFILE*)
 .text.__rtos_malloc_lock
                0x0800389e        0x2 ../mbed/TARGET_NUCLEO_L432KC/TOOLCHAIN_GCC_ARM/retarget.o
                0x0800389e                __rtos_malloc_lock
 .text.__rtos_malloc_unlock
                0x080038a0        0x2 ../mbed/TARGET_NUCLEO_L432KC/TOOLCHAIN_GCC_ARM/retarget.o
                0x080038a0                __rtos_malloc_unlock
 .text.__rtos_env_lock
                0x080038a2        0x2 ../mbed/TARGET_NUCLEO_L432KC/TOOLCHAIN_GCC_ARM/retarget.o
                0x080038a2                __rtos_env_lock
 .text.__rtos_env_unlock
                0x080038a4        0x2 ../mbed/TARGET_NUCLEO_L432KC/TOOLCHAIN_GCC_ARM/retarget.o
                0x080038a4                __rtos_env_unlock
 .text.__malloc_lock
                0x080038a6        0x8 ../mbed/TARGET_NUCLEO_L432KC/TOOLCHAIN_GCC_ARM/retarget.o
                0x080038a6                __malloc_lock
 .text.__malloc_unlock
                0x080038ae        0x8 ../mbed/TARGET_NUCLEO_L432KC/TOOLCHAIN_GCC_ARM/retarget.o
                0x080038ae                __malloc_unlock
 .text.__env_lock
                0x080038b6        0x8 ../mbed/TARGET_NUCLEO_L432KC/TOOLCHAIN_GCC_ARM/retarget.o
                0x080038b6                __env_lock
 .text.__env_unlock
                0x080038be        0x8 ../mbed/TARGET_NUCLEO_L432KC/TOOLCHAIN_GCC_ARM/retarget.o
                0x080038be                __env_unlock
 *fill*         0x080038c6        0x2 
 .text._Znwj    0x080038c8       0x18 ../mbed/TARGET_NUCLEO_L432KC/TOOLCHAIN_GCC_ARM/retarget.o
                0x080038c8                operator new(unsigned int)
 .text._ZdlPv   0x080038e0        0x8 ../mbed/TARGET_NUCLEO_L432KC/TOOLCHAIN_GCC_ARM/retarget.o
                0x080038e0                operator delete(void*)
 .text._ZN12SingletonPtrI13PlatformMutexE3getEv
                0x080038e8       0x2c ../mbed/TARGET_NUCLEO_L432KC/TOOLCHAIN_GCC_ARM/retarget.o
                0x080038e8                SingletonPtr<PlatformMutex>::get()
 .text._ZN4mbed10FileHandleD2Ev
                0x08003914       0x3c ../mbed/TARGET_NUCLEO_L432KC/TOOLCHAIN_GCC_ARM/retarget.o
                0x08003914                mbed::FileHandle::~FileHandle()
                0x08003914                mbed::FileHandle::~FileHandle()
 .text._open    0x08003950       0xf8 ../mbed/TARGET_NUCLEO_L432KC/TOOLCHAIN_GCC_ARM/retarget.o
                0x08003950                _open
 .text.Reset_Handler
                0x08003a48       0x50 ../mbed/TARGET_NUCLEO_L432KC/TOOLCHAIN_GCC_ARM/startup_stm32l432xx.o
                0x08003a48                Reset_Handler
 .text.Default_Handler
                0x08003a98        0x2 ../mbed/TARGET_NUCLEO_L432KC/TOOLCHAIN_GCC_ARM/startup_stm32l432xx.o
                0x08003a98                RTC_Alarm_IRQHandler
                0x08003a98                EXTI2_IRQHandler
                0x08003a98                DebugMon_Handler
                0x08003a98                TIM1_CC_IRQHandler
                0x08003a98                TSC_IRQHandler
                0x08003a98                HardFault_Handler
                0x08003a98                SysTick_Handler
                0x08003a98                TAMP_STAMP_IRQHandler
                0x08003a98                PendSV_Handler
                0x08003a98                NMI_Handler
                0x08003a98                EXTI3_IRQHandler
                0x08003a98                LPTIM2_IRQHandler
                0x08003a98                I2C3_ER_IRQHandler
                0x08003a98                EXTI0_IRQHandler
                0x08003a98                CAN1_RX0_IRQHandler
                0x08003a98                FPU_IRQHandler
                0x08003a98                TIM1_UP_TIM16_IRQHandler
                0x08003a98                UsageFault_Handler
                0x08003a98                SPI1_IRQHandler
                0x08003a98                TIM6_DAC_IRQHandler
                0x08003a98                DMA2_Channel2_IRQHandler
                0x08003a98                DMA1_Channel4_IRQHandler
                0x08003a98                ADC1_IRQHandler
                0x08003a98                DMA1_Channel7_IRQHandler
                0x08003a98                CAN1_RX1_IRQHandler
                0x08003a98                DMA2_Channel1_IRQHandler
                0x08003a98                QUADSPI_IRQHandler
                0x08003a98                I2C1_EV_IRQHandler
                0x08003a98                DMA1_Channel6_IRQHandler
                0x08003a98                DMA2_Channel4_IRQHandler
                0x08003a98                RCC_IRQHandler
                0x08003a98                TIM1_TRG_COM_IRQHandler
                0x08003a98                DMA1_Channel1_IRQHandler
                0x08003a98                Default_Handler
                0x08003a98                DMA2_Channel7_IRQHandler
                0x08003a98                EXTI15_10_IRQHandler
                0x08003a98                TIM7_IRQHandler
                0x08003a98                I2C3_EV_IRQHandler
                0x08003a98                USB_IRQHandler
                0x08003a98                EXTI9_5_IRQHandler
                0x08003a98                RTC_WKUP_IRQHandler
                0x08003a98                PVD_PVM_IRQHandler
                0x08003a98                MemManage_Handler
                0x08003a98                CAN1_TX_IRQHandler
                0x08003a98                SVC_Handler
                0x08003a98                DMA2_Channel5_IRQHandler
                0x08003a98                CRS_IRQHandler
                0x08003a98                DMA1_Channel5_IRQHandler
                0x08003a98                EXTI4_IRQHandler
                0x08003a98                RNG_IRQHandler
                0x08003a98                DMA1_Channel3_IRQHandler
                0x08003a98                COMP_IRQHandler
                0x08003a98                WWDG_IRQHandler
                0x08003a98                LPUART1_IRQHandler
                0x08003a98                DMA2_Channel6_IRQHandler
                0x08003a98                TIM2_IRQHandler
                0x08003a98                EXTI1_IRQHandler
                0x08003a98                USART2_IRQHandler
                0x08003a98                DMA1_Channel2_IRQHandler
                0x08003a98                CAN1_SCE_IRQHandler
                0x08003a98                FLASH_IRQHandler
                0x08003a98                BusFault_Handler
                0x08003a98                USART1_IRQHandler
                0x08003a98                SPI3_IRQHandler
                0x08003a98                I2C1_ER_IRQHandler
                0x08003a98                SWPMI1_IRQHandler
                0x08003a98                LPTIM1_IRQHandler
                0x08003a98                SAI1_IRQHandler
                0x08003a98                DMA2_Channel3_IRQHandler
                0x08003a98                TIM1_BRK_TIM15_IRQHandler
 .text.HAL_Init
                0x08003a9a       0x16 ../mbed/TARGET_NUCLEO_L432KC/TOOLCHAIN_GCC_ARM/stm32l4xx_hal.o
                0x08003a9a                HAL_Init
 .text.HAL_IncTick
                0x08003ab0       0x10 ../mbed/TARGET_NUCLEO_L432KC/TOOLCHAIN_GCC_ARM/stm32l4xx_hal.o
                0x08003ab0                HAL_IncTick
 .text.HAL_GetTick
                0x08003ac0        0xc ../mbed/TARGET_NUCLEO_L432KC/TOOLCHAIN_GCC_ARM/stm32l4xx_hal.o
                0x08003ac0                HAL_GetTick
 .text.HAL_NVIC_SetPriorityGrouping
                0x08003acc       0x24 ../mbed/TARGET_NUCLEO_L432KC/TOOLCHAIN_GCC_ARM/stm32l4xx_hal_cortex.o
                0x08003acc                HAL_NVIC_SetPriorityGrouping
 .text.HAL_NVIC_SetPriority
                0x08003af0       0x60 ../mbed/TARGET_NUCLEO_L432KC/TOOLCHAIN_GCC_ARM/stm32l4xx_hal_cortex.o
                0x08003af0                HAL_NVIC_SetPriority
 .text.HAL_NVIC_EnableIRQ
                0x08003b50       0x18 ../mbed/TARGET_NUCLEO_L432KC/TOOLCHAIN_GCC_ARM/stm32l4xx_hal_cortex.o
                0x08003b50                HAL_NVIC_EnableIRQ
 .text.HAL_GPIO_Init
                0x08003b68      0x180 ../mbed/TARGET_NUCLEO_L432KC/TOOLCHAIN_GCC_ARM/stm32l4xx_hal_gpio.o
                0x08003b68                HAL_GPIO_Init
 .text.HAL_MspInit
                0x08003ce8        0x2 ../mbed/TARGET_NUCLEO_L432KC/TOOLCHAIN_GCC_ARM/stm32l4xx_hal_msp_template.o
                0x08003ce8                HAL_MspInit
 *fill*         0x08003cea        0x2 
 .text.HAL_PWREx_GetVoltageRange
                0x08003cec       0x10 ../mbed/TARGET_NUCLEO_L432KC/TOOLCHAIN_GCC_ARM/stm32l4xx_hal_pwr_ex.o
                0x08003cec                HAL_PWREx_GetVoltageRange
 .text.RCC_SetFlashLatencyFromMSIRange
                0x08003cfc       0x84 ../mbed/TARGET_NUCLEO_L432KC/TOOLCHAIN_GCC_ARM/stm32l4xx_hal_rcc.o
 .text.HAL_RCC_GetSysClockFreq
                0x08003d80      0x138 ../mbed/TARGET_NUCLEO_L432KC/TOOLCHAIN_GCC_ARM/stm32l4xx_hal_rcc.o
                0x08003d80                HAL_RCC_GetSysClockFreq
 .text.HAL_RCC_OscConfig
                0x08003eb8      0x4e4 ../mbed/TARGET_NUCLEO_L432KC/TOOLCHAIN_GCC_ARM/stm32l4xx_hal_rcc.o
                0x08003eb8                HAL_RCC_OscConfig
 .text.HAL_RCC_ClockConfig
                0x0800439c      0x178 ../mbed/TARGET_NUCLEO_L432KC/TOOLCHAIN_GCC_ARM/stm32l4xx_hal_rcc.o
                0x0800439c                HAL_RCC_ClockConfig
 .text.HAL_RCC_GetPCLK1Freq
                0x08004514       0x30 ../mbed/TARGET_NUCLEO_L432KC/TOOLCHAIN_GCC_ARM/stm32l4xx_hal_rcc.o
                0x08004514                HAL_RCC_GetPCLK1Freq
 .text.HAL_RCC_GetPCLK2Freq
                0x08004544       0x30 ../mbed/TARGET_NUCLEO_L432KC/TOOLCHAIN_GCC_ARM/stm32l4xx_hal_rcc.o
                0x08004544                HAL_RCC_GetPCLK2Freq
 .text.RCCEx_PLLSAI1_Config
                0x08004574      0x16c ../mbed/TARGET_NUCLEO_L432KC/TOOLCHAIN_GCC_ARM/stm32l4xx_hal_rcc_ex.o
 .text.HAL_RCCEx_PeriphCLKConfig
                0x080046e0      0x290 ../mbed/TARGET_NUCLEO_L432KC/TOOLCHAIN_GCC_ARM/stm32l4xx_hal_rcc_ex.o
                0x080046e0                HAL_RCCEx_PeriphCLKConfig
 .text.HAL_RTC_MspInit
                0x08004970        0x2 ../mbed/TARGET_NUCLEO_L432KC/TOOLCHAIN_GCC_ARM/stm32l4xx_hal_rtc.o
                0x08004970                HAL_RTC_MspInit
 .text.HAL_RTC_WaitForSynchro
                0x08004972       0x30 ../mbed/TARGET_NUCLEO_L432KC/TOOLCHAIN_GCC_ARM/stm32l4xx_hal_rtc.o
                0x08004972                HAL_RTC_WaitForSynchro
 .text.RTC_EnterInitMode
                0x080049a2       0x34 ../mbed/TARGET_NUCLEO_L432KC/TOOLCHAIN_GCC_ARM/stm32l4xx_hal_rtc.o
                0x080049a2                RTC_EnterInitMode
 .text.HAL_RTC_Init
                0x080049d6       0x96 ../mbed/TARGET_NUCLEO_L432KC/TOOLCHAIN_GCC_ARM/stm32l4xx_hal_rtc.o
                0x080049d6                HAL_RTC_Init
 .text.RTC_ByteToBcd2
                0x08004a6c       0x16 ../mbed/TARGET_NUCLEO_L432KC/TOOLCHAIN_GCC_ARM/stm32l4xx_hal_rtc.o
                0x08004a6c                RTC_ByteToBcd2
 .text.HAL_RTC_SetTime
                0x08004a82       0xf8 ../mbed/TARGET_NUCLEO_L432KC/TOOLCHAIN_GCC_ARM/stm32l4xx_hal_rtc.o
                0x08004a82                HAL_RTC_SetTime
 .text.HAL_RTC_SetDate
                0x08004b7a       0xdc ../mbed/TARGET_NUCLEO_L432KC/TOOLCHAIN_GCC_ARM/stm32l4xx_hal_rtc.o
                0x08004b7a                HAL_RTC_SetDate
 .text.RTC_Bcd2ToByte
                0x08004c56       0x12 ../mbed/TARGET_NUCLEO_L432KC/TOOLCHAIN_GCC_ARM/stm32l4xx_hal_rtc.o
                0x08004c56                RTC_Bcd2ToByte
 .text.HAL_RTC_GetTime
                0x08004c68       0x4a ../mbed/TARGET_NUCLEO_L432KC/TOOLCHAIN_GCC_ARM/stm32l4xx_hal_rtc.o
                0x08004c68                HAL_RTC_GetTime
 .text.HAL_RTC_GetDate
                0x08004cb2       0x3c ../mbed/TARGET_NUCLEO_L432KC/TOOLCHAIN_GCC_ARM/stm32l4xx_hal_rtc.o
                0x08004cb2                HAL_RTC_GetDate
 *fill*         0x08004cee        0x2 
 .text.HAL_RTCEx_WakeUpTimerIRQHandler
                0x08004cf0       0x30 ../mbed/TARGET_NUCLEO_L432KC/TOOLCHAIN_GCC_ARM/stm32l4xx_hal_rtc_ex.o
                0x08004cf0                HAL_RTCEx_WakeUpTimerIRQHandler
 .text.HAL_SPI_MspInit
                0x08004d20        0x2 ../mbed/TARGET_NUCLEO_L432KC/TOOLCHAIN_GCC_ARM/stm32l4xx_hal_spi.o
                0x08004d20                HAL_SPI_MspInit
 .text.HAL_SPI_Init
                0x08004d22       0xb2 ../mbed/TARGET_NUCLEO_L432KC/TOOLCHAIN_GCC_ARM/stm32l4xx_hal_spi.o
                0x08004d22                HAL_SPI_Init
 .text.HAL_TIM_OC_MspInit
                0x08004dd4        0x2 ../mbed/TARGET_NUCLEO_L432KC/TOOLCHAIN_GCC_ARM/stm32l4xx_hal_tim.o
                0x08004dd4                HAL_TIM_OC_MspInit
 *fill*         0x08004dd6        0x2 
 .text.TIM_Base_SetConfig
                0x08004dd8       0x6c ../mbed/TARGET_NUCLEO_L432KC/TOOLCHAIN_GCC_ARM/stm32l4xx_hal_tim.o
                0x08004dd8                TIM_Base_SetConfig
 .text.HAL_TIM_OC_Init
                0x08004e44       0x34 ../mbed/TARGET_NUCLEO_L432KC/TOOLCHAIN_GCC_ARM/stm32l4xx_hal_tim.o
                0x08004e44                HAL_TIM_OC_Init
 .text.TIM_CCxChannelCmd
                0x08004e78       0x18 ../mbed/TARGET_NUCLEO_L432KC/TOOLCHAIN_GCC_ARM/stm32l4xx_hal_tim.o
                0x08004e78                TIM_CCxChannelCmd
 .text.HAL_TIM_OC_Start
                0x08004e90       0x3c ../mbed/TARGET_NUCLEO_L432KC/TOOLCHAIN_GCC_ARM/stm32l4xx_hal_tim.o
                0x08004e90                HAL_TIM_OC_Start
 .text.HAL_UART_MspInit
                0x08004ecc        0x2 ../mbed/TARGET_NUCLEO_L432KC/TOOLCHAIN_GCC_ARM/stm32l4xx_hal_uart.o
                0x08004ecc                HAL_UART_MspInit
 .text.HAL_UART_Receive_IT
                0x08004ece       0x8e ../mbed/TARGET_NUCLEO_L432KC/TOOLCHAIN_GCC_ARM/stm32l4xx_hal_uart.o
                0x08004ece                HAL_UART_Receive_IT
 .text.UART_SetConfig
                0x08004f5c      0x22c ../mbed/TARGET_NUCLEO_L432KC/TOOLCHAIN_GCC_ARM/stm32l4xx_hal_uart.o
                0x08004f5c                UART_SetConfig
 .text.UART_AdvFeatureConfig
                0x08005188       0xb8 ../mbed/TARGET_NUCLEO_L432KC/TOOLCHAIN_GCC_ARM/stm32l4xx_hal_uart.o
                0x08005188                UART_AdvFeatureConfig
 .text.UART_WaitOnFlagUntilTimeout
                0x08005240       0x60 ../mbed/TARGET_NUCLEO_L432KC/TOOLCHAIN_GCC_ARM/stm32l4xx_hal_uart.o
                0x08005240                UART_WaitOnFlagUntilTimeout
 .text.HAL_UART_Transmit
                0x080052a0       0xac ../mbed/TARGET_NUCLEO_L432KC/TOOLCHAIN_GCC_ARM/stm32l4xx_hal_uart.o
                0x080052a0                HAL_UART_Transmit
 .text.UART_CheckIdleState
                0x0800534c       0x68 ../mbed/TARGET_NUCLEO_L432KC/TOOLCHAIN_GCC_ARM/stm32l4xx_hal_uart.o
                0x0800534c                UART_CheckIdleState
 .text.HAL_UART_Init
                0x080053b4       0x64 ../mbed/TARGET_NUCLEO_L432KC/TOOLCHAIN_GCC_ARM/stm32l4xx_hal_uart.o
                0x080053b4                HAL_UART_Init
 .text.SystemCoreClockUpdate
                0x08005418       0xb4 ../mbed/TARGET_NUCLEO_L432KC/TOOLCHAIN_GCC_ARM/system_stm32l4xx.o
                0x08005418                SystemCoreClockUpdate
 .text.SetSysClock_PLL_HSE
                0x080054cc       0xb4 ../mbed/TARGET_NUCLEO_L432KC/TOOLCHAIN_GCC_ARM/system_stm32l4xx.o
                0x080054cc                SetSysClock_PLL_HSE
 .text.SetSysClock_PLL_MSI
                0x08005580       0x8c ../mbed/TARGET_NUCLEO_L432KC/TOOLCHAIN_GCC_ARM/system_stm32l4xx.o
                0x08005580                SetSysClock_PLL_MSI
 .text.SetSysClock
                0x0800560c       0x14 ../mbed/TARGET_NUCLEO_L432KC/TOOLCHAIN_GCC_ARM/system_stm32l4xx.o
                0x0800560c                SetSysClock
 .text.SystemInit
                0x08005620       0x70 ../mbed/TARGET_NUCLEO_L432KC/TOOLCHAIN_GCC_ARM/system_stm32l4xx.o
                0x08005620                SystemInit
 .text.gpio_set
                0x08005690       0x2c ../mbed/TARGET_NUCLEO_L432KC/TOOLCHAIN_GCC_ARM\libmbed.a(gpio_api.o)
                0x08005690                gpio_set
 .text.gpio_init
                0x080056bc       0x30 ../mbed/TARGET_NUCLEO_L432KC/TOOLCHAIN_GCC_ARM\libmbed.a(gpio_api.o)
                0x080056bc                gpio_init
 .text.gpio_mode
                0x080056ec        0x8 ../mbed/TARGET_NUCLEO_L432KC/TOOLCHAIN_GCC_ARM\libmbed.a(gpio_api.o)
                0x080056ec                gpio_mode
 .text.gpio_dir
                0x080056f4       0x34 ../mbed/TARGET_NUCLEO_L432KC/TOOLCHAIN_GCC_ARM\libmbed.a(gpio_api.o)
                0x080056f4                gpio_dir
 .text.Set_GPIO_Clock
                0x08005728       0x98 ../mbed/TARGET_NUCLEO_L432KC/TOOLCHAIN_GCC_ARM\libmbed.a(pinmap.o)
                0x08005728                Set_GPIO_Clock
 .text.pin_function
                0x080057c0       0x5c ../mbed/TARGET_NUCLEO_L432KC/TOOLCHAIN_GCC_ARM\libmbed.a(pinmap.o)
                0x080057c0                pin_function
 .text.pin_mode
                0x0800581c       0x48 ../mbed/TARGET_NUCLEO_L432KC/TOOLCHAIN_GCC_ARM\libmbed.a(pinmap.o)
                0x0800581c                pin_mode
 .text.init_uart
                0x08005864       0x7c ../mbed/TARGET_NUCLEO_L432KC/TOOLCHAIN_GCC_ARM\libmbed.a(serial_api.o)
 .text.serial_init
                0x080058e0      0x148 ../mbed/TARGET_NUCLEO_L432KC/TOOLCHAIN_GCC_ARM\libmbed.a(serial_api.o)
                0x080058e0                serial_init
 .text.serial_baud
                0x08005a28        0x6 ../mbed/TARGET_NUCLEO_L432KC/TOOLCHAIN_GCC_ARM\libmbed.a(serial_api.o)
                0x08005a28                serial_baud
 .text.serial_format
                0x08005a2e       0x34 ../mbed/TARGET_NUCLEO_L432KC/TOOLCHAIN_GCC_ARM\libmbed.a(serial_api.o)
                0x08005a2e                serial_format
 *fill*         0x08005a62        0x2 
 .text.serial_irq_handler
                0x08005a64       0x18 ../mbed/TARGET_NUCLEO_L432KC/TOOLCHAIN_GCC_ARM\libmbed.a(serial_api.o)
                0x08005a64                serial_irq_handler
 .text.serial_readable
                0x08005a7c       0x18 ../mbed/TARGET_NUCLEO_L432KC/TOOLCHAIN_GCC_ARM\libmbed.a(serial_api.o)
                0x08005a7c                serial_readable
 .text.serial_getc
                0x08005a94       0x2c ../mbed/TARGET_NUCLEO_L432KC/TOOLCHAIN_GCC_ARM\libmbed.a(serial_api.o)
                0x08005a94                serial_getc
 .text.serial_writable
                0x08005ac0       0x18 ../mbed/TARGET_NUCLEO_L432KC/TOOLCHAIN_GCC_ARM\libmbed.a(serial_api.o)
                0x08005ac0                serial_writable
 .text.serial_putc
                0x08005ad8       0x30 ../mbed/TARGET_NUCLEO_L432KC/TOOLCHAIN_GCC_ARM\libmbed.a(serial_api.o)
                0x08005ad8                serial_putc
 .text._ZN4mbed8FilePathC2EPKc
                0x08005b08       0x3c ../mbed/TARGET_NUCLEO_L432KC/TOOLCHAIN_GCC_ARM\libmbed.a(FilePath.o)
                0x08005b08                mbed::FilePath::FilePath(char const*)
                0x08005b08                mbed::FilePath::FilePath(char const*)
 .text._ZN4mbed8FilePath8fileNameEv
                0x08005b44        0x4 ../mbed/TARGET_NUCLEO_L432KC/TOOLCHAIN_GCC_ARM\libmbed.a(FilePath.o)
                0x08005b44                mbed::FilePath::fileName()
 .text._ZN4mbed8FilePath12isFileSystemEv
                0x08005b48       0x12 ../mbed/TARGET_NUCLEO_L432KC/TOOLCHAIN_GCC_ARM\libmbed.a(FilePath.o)
                0x08005b48                mbed::FilePath::isFileSystem()
 .text._ZN4mbed8FilePath10fileSystemEv
                0x08005b5a        0xe ../mbed/TARGET_NUCLEO_L432KC/TOOLCHAIN_GCC_ARM\libmbed.a(FilePath.o)
                0x08005b5a                mbed::FilePath::fileSystem()
 .text._ZN4mbed8FilePath6isFileEv
                0x08005b68       0x12 ../mbed/TARGET_NUCLEO_L432KC/TOOLCHAIN_GCC_ARM\libmbed.a(FilePath.o)
                0x08005b68                mbed::FilePath::isFile()
 .text._ZN4mbed8FilePath4fileEv
                0x08005b7a       0x12 ../mbed/TARGET_NUCLEO_L432KC/TOOLCHAIN_GCC_ARM\libmbed.a(FilePath.o)
                0x08005b7a                mbed::FilePath::file()
 .text._ZN4mbed8FilePath6existsEv
                0x08005b8c        0xa ../mbed/TARGET_NUCLEO_L432KC/TOOLCHAIN_GCC_ARM\libmbed.a(FilePath.o)
                0x08005b8c                mbed::FilePath::exists()
 *fill*         0x08005b96        0x2 
 .text._ZN4mbed11InterruptInD2Ev
                0x08005b98       0x18 ../mbed/TARGET_NUCLEO_L432KC/TOOLCHAIN_GCC_ARM\libmbed.a(InterruptIn.o)
                0x08005b98                mbed::InterruptIn::~InterruptIn()
                0x08005b98                mbed::InterruptIn::~InterruptIn()
 .text._ZN4mbed11InterruptInD0Ev
                0x08005bb0       0x12 ../mbed/TARGET_NUCLEO_L432KC/TOOLCHAIN_GCC_ARM\libmbed.a(InterruptIn.o)
                0x08005bb0                mbed::InterruptIn::~InterruptIn()
 *fill*         0x08005bc2        0x2 
 .text.gpio_read
                0x08005bc4       0x30 ../mbed/TARGET_NUCLEO_L432KC/TOOLCHAIN_GCC_ARM\libmbed.a(InterruptIn.o)
 .text._ZN4mbed11InterruptIncviEv
                0x08005bf4        0x6 ../mbed/TARGET_NUCLEO_L432KC/TOOLCHAIN_GCC_ARM\libmbed.a(InterruptIn.o)
                0x08005bf4                mbed::InterruptIn::operator int()
 *fill*         0x08005bfa        0x2 
 .text._ZN4mbed8CallbackIFvvEE6attachEPS1_
                0x08005bfc       0x28 ../mbed/TARGET_NUCLEO_L432KC/TOOLCHAIN_GCC_ARM\libmbed.a(InterruptIn.o)
                0x08005bfc                mbed::Callback<void ()>::attach(void (*)())
 .text._ZN4mbed11InterruptInC2E7PinName
                0x08005c24       0x5c ../mbed/TARGET_NUCLEO_L432KC/TOOLCHAIN_GCC_ARM\libmbed.a(InterruptIn.o)
                0x08005c24                mbed::InterruptIn::InterruptIn(PinName)
                0x08005c24                mbed::InterruptIn::InterruptIn(PinName)
 .text._ZN4mbed11InterruptIn4riseENS_8CallbackIFvvEEE
                0x08005c80       0x46 ../mbed/TARGET_NUCLEO_L432KC/TOOLCHAIN_GCC_ARM\libmbed.a(InterruptIn.o)
                0x08005c80                mbed::InterruptIn::rise(mbed::Callback<void ()>)
 .text._ZN4mbed8CallbackIFvvEE4callEv
                0x08005cc6        0xc ../mbed/TARGET_NUCLEO_L432KC/TOOLCHAIN_GCC_ARM\libmbed.a(InterruptIn.o)
                0x08005cc6                mbed::Callback<void ()>::call()
 .text._ZN4mbed11InterruptIn12_irq_handlerEm14gpio_irq_event
                0x08005cd2       0x18 ../mbed/TARGET_NUCLEO_L432KC/TOOLCHAIN_GCC_ARM\libmbed.a(InterruptIn.o)
                0x08005cd2                mbed::InterruptIn::_irq_handler(unsigned long, gpio_irq_event)
 *fill*         0x08005cea        0x2 
 .text._ZN4mbed3SPI6aquireEv
                0x08005cec       0x3c ../mbed/TARGET_NUCLEO_L432KC/TOOLCHAIN_GCC_ARM\libmbed.a(SPI.o)
                0x08005cec                mbed::SPI::aquire()
 .text._ZN4mbed3SPIC2E7PinNameS1_S1_S1_
                0x08005d28       0x54 ../mbed/TARGET_NUCLEO_L432KC/TOOLCHAIN_GCC_ARM\libmbed.a(SPI.o)
                0x08005d28                mbed::SPI::SPI(PinName, PinName, PinName, PinName)
                0x08005d28                mbed::SPI::SPI(PinName, PinName, PinName, PinName)
 .text._ZN4mbed3SPI6formatEii
                0x08005d7c       0x30 ../mbed/TARGET_NUCLEO_L432KC/TOOLCHAIN_GCC_ARM\libmbed.a(SPI.o)
                0x08005d7c                mbed::SPI::format(int, int)
 .text._ZN4mbed3SPI9frequencyEi
                0x08005dac       0x2c ../mbed/TARGET_NUCLEO_L432KC/TOOLCHAIN_GCC_ARM\libmbed.a(SPI.o)
                0x08005dac                mbed::SPI::frequency(int)
 .text._ZN4mbed3SPI5writeEi
                0x08005dd8       0x28 ../mbed/TARGET_NUCLEO_L432KC/TOOLCHAIN_GCC_ARM\libmbed.a(SPI.o)
                0x08005dd8                mbed::SPI::write(int)
 .text._ZN4mbed3SPI4lockEv
                0x08005e00       0x10 ../mbed/TARGET_NUCLEO_L432KC/TOOLCHAIN_GCC_ARM\libmbed.a(SPI.o)
                0x08005e00                mbed::SPI::lock()
 .text._ZN4mbed3SPI6unlockEv
                0x08005e10       0x10 ../mbed/TARGET_NUCLEO_L432KC/TOOLCHAIN_GCC_ARM\libmbed.a(SPI.o)
                0x08005e10                mbed::SPI::unlock()
 .text._ZN4mbed6Serial4lockEv
                0x08005e20        0x2 ../mbed/TARGET_NUCLEO_L432KC/TOOLCHAIN_GCC_ARM\libmbed.a(Serial.o)
                0x08005e20                mbed::Serial::lock()
 .text._ZThn76_N4mbed6Serial4lockEv
                0x08005e22        0x8 ../mbed/TARGET_NUCLEO_L432KC/TOOLCHAIN_GCC_ARM\libmbed.a(Serial.o)
                0x08005e22                non-virtual thunk to mbed::Serial::lock()
 .text._ZN4mbed6Serial6unlockEv
                0x08005e2a        0x2 ../mbed/TARGET_NUCLEO_L432KC/TOOLCHAIN_GCC_ARM\libmbed.a(Serial.o)
                0x08005e2a                mbed::Serial::unlock()
 .text._ZThn76_N4mbed6Serial6unlockEv
                0x08005e2c        0x8 ../mbed/TARGET_NUCLEO_L432KC/TOOLCHAIN_GCC_ARM\libmbed.a(Serial.o)
                0x08005e2c                non-virtual thunk to mbed::Serial::unlock()
 .text._ZN4mbed6Serial5_getcEv
                0x08005e34        0x4 ../mbed/TARGET_NUCLEO_L432KC/TOOLCHAIN_GCC_ARM\libmbed.a(Serial.o)
                0x08005e34                mbed::Serial::_getc()
 .text._ZThn76_N4mbed6Serial5_getcEv
                0x08005e38        0x8 ../mbed/TARGET_NUCLEO_L432KC/TOOLCHAIN_GCC_ARM\libmbed.a(Serial.o)
                0x08005e38                non-virtual thunk to mbed::Serial::_getc()
 .text._ZN4mbed6Serial5_putcEi
                0x08005e40        0x4 ../mbed/TARGET_NUCLEO_L432KC/TOOLCHAIN_GCC_ARM\libmbed.a(Serial.o)
                0x08005e40                mbed::Serial::_putc(int)
 .text._ZThn76_N4mbed6Serial5_putcEi
                0x08005e44        0x8 ../mbed/TARGET_NUCLEO_L432KC/TOOLCHAIN_GCC_ARM\libmbed.a(Serial.o)
                0x08005e44                non-virtual thunk to mbed::Serial::_putc(int)
 .text._ZN4mbed6SerialC2E7PinNameS1_PKc
                0x08005e4c       0x30 ../mbed/TARGET_NUCLEO_L432KC/TOOLCHAIN_GCC_ARM\libmbed.a(Serial.o)
                0x08005e4c                mbed::Serial::Serial(PinName, PinName, char const*)
                0x08005e4c                mbed::Serial::Serial(PinName, PinName, char const*)
 .text._ZN4mbed6Ticker7handlerEv
                0x08005e7c       0x20 ../mbed/TARGET_NUCLEO_L432KC/TOOLCHAIN_GCC_ARM\libmbed.a(Ticker.o)
                0x08005e7c                mbed::Ticker::handler()
 .text._ZN4mbed6Ticker6detachEv
                0x08005e9c       0x38 ../mbed/TARGET_NUCLEO_L432KC/TOOLCHAIN_GCC_ARM\libmbed.a(Ticker.o)
                0x08005e9c                mbed::Ticker::detach()
 .text._ZN4mbed6Ticker5setupEm
                0x08005ed4       0x28 ../mbed/TARGET_NUCLEO_L432KC/TOOLCHAIN_GCC_ARM\libmbed.a(Ticker.o)
                0x08005ed4                mbed::Ticker::setup(unsigned long)
 .text._ZN4mbed6Stream5closeEv
                0x08005efc        0x4 ../mbed/TARGET_NUCLEO_L432KC/TOOLCHAIN_GCC_ARM\libmbed.a(Stream.o)
                0x08005efc                mbed::Stream::close()
 .text._ZN4mbed6Stream5writeEPKvj
                0x08005f00       0x32 ../mbed/TARGET_NUCLEO_L432KC/TOOLCHAIN_GCC_ARM\libmbed.a(Stream.o)
                0x08005f00                mbed::Stream::write(void const*, unsigned int)
 .text._ZN4mbed6Stream4readEPvj
                0x08005f32       0x32 ../mbed/TARGET_NUCLEO_L432KC/TOOLCHAIN_GCC_ARM\libmbed.a(Stream.o)
                0x08005f32                mbed::Stream::read(void*, unsigned int)
 .text._ZN4mbed6Stream5lseekEli
                0x08005f64        0x4 ../mbed/TARGET_NUCLEO_L432KC/TOOLCHAIN_GCC_ARM\libmbed.a(Stream.o)
                0x08005f64                mbed::Stream::lseek(long, int)
 .text._ZN4mbed6Stream6isattyEv
                0x08005f68        0x4 ../mbed/TARGET_NUCLEO_L432KC/TOOLCHAIN_GCC_ARM\libmbed.a(Stream.o)
                0x08005f68                mbed::Stream::isatty()
 .text._ZN4mbed6Stream5fsyncEv
                0x08005f6c        0x4 ../mbed/TARGET_NUCLEO_L432KC/TOOLCHAIN_GCC_ARM\libmbed.a(Stream.o)
                0x08005f6c                mbed::Stream::fsync()
 .text._ZN4mbed6Stream4flenEv
                0x08005f70        0x4 ../mbed/TARGET_NUCLEO_L432KC/TOOLCHAIN_GCC_ARM\libmbed.a(Stream.o)
                0x08005f70                mbed::Stream::flen()
 .text._ZN4mbed6StreamC2EPKc
                0x08005f74       0x44 ../mbed/TARGET_NUCLEO_L432KC/TOOLCHAIN_GCC_ARM\libmbed.a(Stream.o)
                0x08005f74                mbed::Stream::Stream(char const*)
                0x08005f74                mbed::Stream::Stream(char const*)
 .text._ZN4mbed6StreamD2Ev
                0x08005fb8       0x24 ../mbed/TARGET_NUCLEO_L432KC/TOOLCHAIN_GCC_ARM\libmbed.a(Stream.o)
                0x08005fb8                mbed::Stream::~Stream()
                0x08005fb8                mbed::Stream::~Stream()
 .text._ZN4mbed6Stream4putcEi
                0x08005fdc       0x28 ../mbed/TARGET_NUCLEO_L432KC/TOOLCHAIN_GCC_ARM\libmbed.a(Stream.o)
                0x08005fdc                mbed::Stream::putc(int)
 .text._ZN4mbed6Stream4getcEv
                0x08006004       0x24 ../mbed/TARGET_NUCLEO_L432KC/TOOLCHAIN_GCC_ARM\libmbed.a(Stream.o)
                0x08006004                mbed::Stream::getc()
 .text._ZN4mbed10SerialBaseD2Ev
                0x08006028        0x2 ../mbed/TARGET_NUCLEO_L432KC/TOOLCHAIN_GCC_ARM\libmbed.a(SerialBase.o)
                0x08006028                mbed::SerialBase::~SerialBase()
                0x08006028                mbed::SerialBase::~SerialBase()
 .text._ZN4mbed10SerialBase4lockEv
                0x0800602a        0x2 ../mbed/TARGET_NUCLEO_L432KC/TOOLCHAIN_GCC_ARM\libmbed.a(SerialBase.o)
                0x0800602a                mbed::SerialBase::lock()
 .text._ZN4mbed10SerialBase6unlockEv
                0x0800602c        0x2 ../mbed/TARGET_NUCLEO_L432KC/TOOLCHAIN_GCC_ARM\libmbed.a(SerialBase.o)
                0x0800602c                mbed::SerialBase::unlock()
 .text._ZN4mbed10SerialBase12_irq_handlerEm9SerialIrq
                0x0800602e       0x14 ../mbed/TARGET_NUCLEO_L432KC/TOOLCHAIN_GCC_ARM\libmbed.a(SerialBase.o)
                0x0800602e                mbed::SerialBase::_irq_handler(unsigned long, SerialIrq)
 .text._ZN4mbed10SerialBaseD0Ev
                0x08006042        0xc ../mbed/TARGET_NUCLEO_L432KC/TOOLCHAIN_GCC_ARM\libmbed.a(SerialBase.o)
                0x08006042                mbed::SerialBase::~SerialBase()
 *fill*         0x0800604e        0x2 
 .text._ZN4mbed10SerialBaseC2E7PinNameS1_
                0x08006050       0x88 ../mbed/TARGET_NUCLEO_L432KC/TOOLCHAIN_GCC_ARM\libmbed.a(SerialBase.o)
                0x08006050                mbed::SerialBase::SerialBase(PinName, PinName)
                0x08006050                mbed::SerialBase::SerialBase(PinName, PinName)
 .text._ZN4mbed10SerialBase4baudEi
                0x080060d8       0x26 ../mbed/TARGET_NUCLEO_L432KC/TOOLCHAIN_GCC_ARM\libmbed.a(SerialBase.o)
                0x080060d8                mbed::SerialBase::baud(int)
 .text._ZN4mbed10SerialBase6formatEiNS0_6ParityEi
                0x080060fe       0x2e ../mbed/TARGET_NUCLEO_L432KC/TOOLCHAIN_GCC_ARM\libmbed.a(SerialBase.o)
                0x080060fe                mbed::SerialBase::format(int, mbed::SerialBase::Parity, int)
 .text._ZN4mbed10SerialBase8readableEv
                0x0800612c       0x22 ../mbed/TARGET_NUCLEO_L432KC/TOOLCHAIN_GCC_ARM\libmbed.a(SerialBase.o)
                0x0800612c                mbed::SerialBase::readable()
 .text._ZN4mbed10SerialBase10_base_getcEv
                0x0800614e        0x6 ../mbed/TARGET_NUCLEO_L432KC/TOOLCHAIN_GCC_ARM\libmbed.a(SerialBase.o)
                0x0800614e                mbed::SerialBase::_base_getc()
 .text._ZN4mbed10SerialBase10_base_putcEi
                0x08006154        0xe ../mbed/TARGET_NUCLEO_L432KC/TOOLCHAIN_GCC_ARM\libmbed.a(SerialBase.o)
                0x08006154                mbed::SerialBase::_base_putc(int)
 .text._ZN4mbed10TimerEvent3irqEm
                0x08006162        0x6 ../mbed/TARGET_NUCLEO_L432KC/TOOLCHAIN_GCC_ARM\libmbed.a(TimerEvent.o)
                0x08006162                mbed::TimerEvent::irq(unsigned long)
 .text._ZN4mbed10TimerEventC2Ev
                0x08006168       0x28 ../mbed/TARGET_NUCLEO_L432KC/TOOLCHAIN_GCC_ARM\libmbed.a(TimerEvent.o)
                0x08006168                mbed::TimerEvent::TimerEvent()
                0x08006168                mbed::TimerEvent::TimerEvent()
 .text._ZN4mbed10TimerEvent6insertEm
                0x08006190        0xc ../mbed/TARGET_NUCLEO_L432KC/TOOLCHAIN_GCC_ARM\libmbed.a(TimerEvent.o)
                0x08006190                mbed::TimerEvent::insert(unsigned long)
 .text._ZN4mbed10TimerEvent6removeEv
                0x0800619c        0xa ../mbed/TARGET_NUCLEO_L432KC/TOOLCHAIN_GCC_ARM\libmbed.a(TimerEvent.o)
                0x0800619c                mbed::TimerEvent::remove()
 *fill*         0x080061a6        0x2 
 .text._ZN4mbed10TimerEventD2Ev
                0x080061a8       0x14 ../mbed/TARGET_NUCLEO_L432KC/TOOLCHAIN_GCC_ARM\libmbed.a(TimerEvent.o)
                0x080061a8                mbed::TimerEvent::~TimerEvent()
                0x080061a8                mbed::TimerEvent::~TimerEvent()
 .text.mbed_assert_internal
                0x080061bc       0x24 ../mbed/TARGET_NUCLEO_L432KC/TOOLCHAIN_GCC_ARM\libmbed.a(mbed_assert.o)
                0x080061bc                mbed_assert_internal
 .text.core_util_are_interrupts_enabled
                0x080061e0        0xe ../mbed/TARGET_NUCLEO_L432KC/TOOLCHAIN_GCC_ARM\libmbed.a(mbed_critical.o)
                0x080061e0                core_util_are_interrupts_enabled
 *fill*         0x080061ee        0x2 
 .text.core_util_critical_section_enter
                0x080061f0       0x54 ../mbed/TARGET_NUCLEO_L432KC/TOOLCHAIN_GCC_ARM\libmbed.a(mbed_critical.o)
                0x080061f0                core_util_critical_section_enter
 .text.core_util_critical_section_exit
                0x08006244       0x3c ../mbed/TARGET_NUCLEO_L432KC/TOOLCHAIN_GCC_ARM\libmbed.a(mbed_critical.o)
                0x08006244                core_util_critical_section_exit
 .text.error    0x08006280       0x16 ../mbed/TARGET_NUCLEO_L432KC/TOOLCHAIN_GCC_ARM\libmbed.a(mbed_error.o)
                0x08006280                error
 *fill*         0x08006296        0x2 
 .text.gpio_write
                0x08006298       0x30 ../mbed/TARGET_NUCLEO_L432KC/TOOLCHAIN_GCC_ARM\libmbed.a(mbed_gpio.o)
 .text._gpio_init_in
                0x080062c8       0x26 ../mbed/TARGET_NUCLEO_L432KC/TOOLCHAIN_GCC_ARM\libmbed.a(mbed_gpio.o)
 .text.gpio_init_in
                0x080062ee        0x6 ../mbed/TARGET_NUCLEO_L432KC/TOOLCHAIN_GCC_ARM\libmbed.a(mbed_gpio.o)
                0x080062ee                gpio_init_in
 .text.gpio_init_out_ex
                0x080062f4       0x2e ../mbed/TARGET_NUCLEO_L432KC/TOOLCHAIN_GCC_ARM\libmbed.a(mbed_gpio.o)
                0x080062f4                gpio_init_out_ex
 .text.gpio_init_out
                0x08006322        0x6 ../mbed/TARGET_NUCLEO_L432KC/TOOLCHAIN_GCC_ARM\libmbed.a(mbed_gpio.o)
                0x08006322                gpio_init_out
 .text.pinmap_pinout
                0x08006328       0x3c ../mbed/TARGET_NUCLEO_L432KC/TOOLCHAIN_GCC_ARM\libmbed.a(mbed_pinmap_common.o)
                0x08006328                pinmap_pinout
 .text.pinmap_merge
                0x08006364       0x24 ../mbed/TARGET_NUCLEO_L432KC/TOOLCHAIN_GCC_ARM\libmbed.a(mbed_pinmap_common.o)
                0x08006364                pinmap_merge
 .text.pinmap_find_peripheral
                0x08006388       0x18 ../mbed/TARGET_NUCLEO_L432KC/TOOLCHAIN_GCC_ARM\libmbed.a(mbed_pinmap_common.o)
                0x08006388                pinmap_find_peripheral
 .text.pinmap_peripheral
                0x080063a0       0x20 ../mbed/TARGET_NUCLEO_L432KC/TOOLCHAIN_GCC_ARM\libmbed.a(mbed_pinmap_common.o)
                0x080063a0                pinmap_peripheral
 .text.set_time
                0x080063c0       0x30 ../mbed/TARGET_NUCLEO_L432KC/TOOLCHAIN_GCC_ARM\libmbed.a(mbed_rtc_time.o)
                0x080063c0                set_time
 .text.time     0x080063f0       0x3c ../mbed/TARGET_NUCLEO_L432KC/TOOLCHAIN_GCC_ARM\libmbed.a(mbed_rtc_time.o)
                0x080063f0                time
 .text.ticker_set_handler
                0x0800642c       0x12 ../mbed/TARGET_NUCLEO_L432KC/TOOLCHAIN_GCC_ARM\libmbed.a(mbed_ticker_api.o)
                0x0800642c                ticker_set_handler
 .text.ticker_irq_handler
                0x0800643e       0x48 ../mbed/TARGET_NUCLEO_L432KC/TOOLCHAIN_GCC_ARM\libmbed.a(mbed_ticker_api.o)
                0x0800643e                ticker_irq_handler
 .text.ticker_insert_event
                0x08006486       0x42 ../mbed/TARGET_NUCLEO_L432KC/TOOLCHAIN_GCC_ARM\libmbed.a(mbed_ticker_api.o)
                0x08006486                ticker_insert_event
 .text.ticker_remove_event
                0x080064c8       0x3e ../mbed/TARGET_NUCLEO_L432KC/TOOLCHAIN_GCC_ARM\libmbed.a(mbed_ticker_api.o)
                0x080064c8                ticker_remove_event
 .text.ticker_read
                0x08006506        0x6 ../mbed/TARGET_NUCLEO_L432KC/TOOLCHAIN_GCC_ARM\libmbed.a(mbed_ticker_api.o)
                0x08006506                ticker_read
 .text.get_us_ticker_data
                0x0800650c        0x8 ../mbed/TARGET_NUCLEO_L432KC/TOOLCHAIN_GCC_ARM\libmbed.a(mbed_us_ticker_api.o)
                0x0800650c                get_us_ticker_data
 .text.us_ticker_irq_handler
                0x08006514        0xc ../mbed/TARGET_NUCLEO_L432KC/TOOLCHAIN_GCC_ARM\libmbed.a(mbed_us_ticker_api.o)
                0x08006514                us_ticker_irq_handler
 .text.wait_us  0x08006520       0x16 ../mbed/TARGET_NUCLEO_L432KC/TOOLCHAIN_GCC_ARM\libmbed.a(mbed_wait_api.o)
                0x08006520                wait_us
 *fill*         0x08006536        0x2 
 .text.wait     0x08006538       0x1c ../mbed/TARGET_NUCLEO_L432KC/TOOLCHAIN_GCC_ARM\libmbed.a(mbed_wait_api.o)
                0x08006538                wait
 .text.wait_ms  0x08006554        0xa ../mbed/TARGET_NUCLEO_L432KC/TOOLCHAIN_GCC_ARM\libmbed.a(mbed_wait_api.o)
                0x08006554                wait_ms
 *fill*         0x0800655e        0x2 
 .text.handle_interrupt_in
                0x08006560       0x68 ../mbed/TARGET_NUCLEO_L432KC/TOOLCHAIN_GCC_ARM\libmbed.a(gpio_irq_api.o)
 .text.gpio_irq0
                0x080065c8        0x8 ../mbed/TARGET_NUCLEO_L432KC/TOOLCHAIN_GCC_ARM\libmbed.a(gpio_irq_api.o)
 .text.gpio_irq1
                0x080065d0        0x8 ../mbed/TARGET_NUCLEO_L432KC/TOOLCHAIN_GCC_ARM\libmbed.a(gpio_irq_api.o)
 .text.gpio_irq2
                0x080065d8        0x8 ../mbed/TARGET_NUCLEO_L432KC/TOOLCHAIN_GCC_ARM\libmbed.a(gpio_irq_api.o)
 .text.gpio_irq3
                0x080065e0        0x8 ../mbed/TARGET_NUCLEO_L432KC/TOOLCHAIN_GCC_ARM\libmbed.a(gpio_irq_api.o)
 .text.gpio_irq4
                0x080065e8        0x8 ../mbed/TARGET_NUCLEO_L432KC/TOOLCHAIN_GCC_ARM\libmbed.a(gpio_irq_api.o)
 .text.gpio_irq5
                0x080065f0        0x8 ../mbed/TARGET_NUCLEO_L432KC/TOOLCHAIN_GCC_ARM\libmbed.a(gpio_irq_api.o)
 .text.gpio_irq6
                0x080065f8        0x8 ../mbed/TARGET_NUCLEO_L432KC/TOOLCHAIN_GCC_ARM\libmbed.a(gpio_irq_api.o)
 .text.gpio_irq_init
                0x08006600      0x114 ../mbed/TARGET_NUCLEO_L432KC/TOOLCHAIN_GCC_ARM\libmbed.a(gpio_irq_api.o)
                0x08006600                gpio_irq_init
 .text.gpio_irq_free
                0x08006714       0x58 ../mbed/TARGET_NUCLEO_L432KC/TOOLCHAIN_GCC_ARM\libmbed.a(gpio_irq_api.o)
                0x08006714                gpio_irq_free
 .text.gpio_irq_set
                0x0800676c       0x60 ../mbed/TARGET_NUCLEO_L432KC/TOOLCHAIN_GCC_ARM\libmbed.a(gpio_irq_api.o)
                0x0800676c                gpio_irq_set
 .text.RTC_IRQHandler
                0x080067cc        0xc ../mbed/TARGET_NUCLEO_L432KC/TOOLCHAIN_GCC_ARM\libmbed.a(rtc_api.o)
 .text.rtc_isenabled
                0x080067d8       0x10 ../mbed/TARGET_NUCLEO_L432KC/TOOLCHAIN_GCC_ARM\libmbed.a(rtc_api.o)
                0x080067d8                rtc_isenabled
 .text.rtc_read
                0x080067e8       0x64 ../mbed/TARGET_NUCLEO_L432KC/TOOLCHAIN_GCC_ARM\libmbed.a(rtc_api.o)
                0x080067e8                rtc_read
 .text.rtc_write
                0x0800684c       0x70 ../mbed/TARGET_NUCLEO_L432KC/TOOLCHAIN_GCC_ARM\libmbed.a(rtc_api.o)
                0x0800684c                rtc_write
 .text.rtc_init
                0x080068bc       0xbc ../mbed/TARGET_NUCLEO_L432KC/TOOLCHAIN_GCC_ARM\libmbed.a(rtc_api.o)
                0x080068bc                rtc_init
 .text.HAL_RTCEx_WakeUpTimerEventCallback
                0x08006978       0x10 ../mbed/TARGET_NUCLEO_L432KC/TOOLCHAIN_GCC_ARM\libmbed.a(rtc_api.o)
                0x08006978                HAL_RTCEx_WakeUpTimerEventCallback
 .text.us_ticker_init
                0x08006988       0x20 ../mbed/TARGET_NUCLEO_L432KC/TOOLCHAIN_GCC_ARM\libmbed.a(us_ticker.o)
                0x08006988                us_ticker_init
 .text.us_ticker_read
                0x080069a8       0x18 ../mbed/TARGET_NUCLEO_L432KC/TOOLCHAIN_GCC_ARM\libmbed.a(us_ticker.o)
                0x080069a8                us_ticker_read
 .text.us_ticker_set_interrupt
                0x080069c0       0x14 ../mbed/TARGET_NUCLEO_L432KC/TOOLCHAIN_GCC_ARM\libmbed.a(us_ticker.o)
                0x080069c0                us_ticker_set_interrupt
 .text.us_ticker_disable_interrupt
                0x080069d4       0x14 ../mbed/TARGET_NUCLEO_L432KC/TOOLCHAIN_GCC_ARM\libmbed.a(us_ticker.o)
                0x080069d4                us_ticker_disable_interrupt
 .text.us_ticker_clear_interrupt
                0x080069e8       0x10 ../mbed/TARGET_NUCLEO_L432KC/TOOLCHAIN_GCC_ARM\libmbed.a(us_ticker.o)
                0x080069e8                us_ticker_clear_interrupt
 .text.init_spi
                0x080069f8       0x60 ../mbed/TARGET_NUCLEO_L432KC/TOOLCHAIN_GCC_ARM\libmbed.a(spi_api.o)
 .text.spi_init
                0x08006a58      0x120 ../mbed/TARGET_NUCLEO_L432KC/TOOLCHAIN_GCC_ARM\libmbed.a(spi_api.o)
                0x08006a58                spi_init
 .text.spi_format
                0x08006b78       0x48 ../mbed/TARGET_NUCLEO_L432KC/TOOLCHAIN_GCC_ARM\libmbed.a(spi_api.o)
                0x08006b78                spi_format
 .text.spi_frequency
                0x08006bc0       0x64 ../mbed/TARGET_NUCLEO_L432KC/TOOLCHAIN_GCC_ARM\libmbed.a(spi_api.o)
                0x08006bc0                spi_frequency
 .text.spi_master_write
                0x08006c24       0x40 ../mbed/TARGET_NUCLEO_L432KC/TOOLCHAIN_GCC_ARM\libmbed.a(spi_api.o)
                0x08006c24                spi_master_write
 .text._ZN4mbed8FileBase11getPathTypeEv
                0x08006c64        0x4 ../mbed/TARGET_NUCLEO_L432KC/TOOLCHAIN_GCC_ARM\libmbed.a(FileBase.o)
                0x08006c64                mbed::FileBase::getPathType()
 .text._ZN4mbed8FileBaseC2EPKcNS_8PathTypeE
                0x08006c68       0x3c ../mbed/TARGET_NUCLEO_L432KC/TOOLCHAIN_GCC_ARM\libmbed.a(FileBase.o)
                0x08006c68                mbed::FileBase::FileBase(char const*, mbed::PathType)
                0x08006c68                mbed::FileBase::FileBase(char const*, mbed::PathType)
 .text._ZN4mbed8FileBaseD2Ev
                0x08006ca4       0x44 ../mbed/TARGET_NUCLEO_L432KC/TOOLCHAIN_GCC_ARM\libmbed.a(FileBase.o)
                0x08006ca4                mbed::FileBase::~FileBase()
                0x08006ca4                mbed::FileBase::~FileBase()
 .text._ZN4mbed8FileBaseD0Ev
                0x08006ce8       0x12 ../mbed/TARGET_NUCLEO_L432KC/TOOLCHAIN_GCC_ARM\libmbed.a(FileBase.o)
                0x08006ce8                mbed::FileBase::~FileBase()
 *fill*         0x08006cfa        0x2 
 .text._ZN4mbed8FileBase6lookupEPKcj
                0x08006cfc       0x40 ../mbed/TARGET_NUCLEO_L432KC/TOOLCHAIN_GCC_ARM\libmbed.a(FileBase.o)
                0x08006cfc                mbed::FileBase::lookup(char const*, unsigned int)
 .text._ZN4mbed8FileLikeC2EPKc
                0x08006d3c       0x28 ../mbed/TARGET_NUCLEO_L432KC/TOOLCHAIN_GCC_ARM\libmbed.a(FileLike.o)
                0x08006d3c                mbed::FileLike::FileLike(char const*)
                0x08006d3c                mbed::FileLike::FileLike(char const*)
 .text._ZN4mbed8FileLikeD2Ev
                0x08006d64       0x24 ../mbed/TARGET_NUCLEO_L432KC/TOOLCHAIN_GCC_ARM\libmbed.a(FileLike.o)
                0x08006d64                mbed::FileLike::~FileLike()
                0x08006d64                mbed::FileLike::~FileLike()
 .text.pow      0x08006d88      0x180 c:/program files (x86)/gnu arm embedded toolchain/9 2020-q2-update/bin/../lib/gcc/arm-none-eabi/9.3.1/../../../../arm-none-eabi/lib/thumb/v7e-m+fp/softfp\libm.a(lib_a-w_pow.o)
                0x08006d88                pow
 .text.__ieee754_pow
                0x08006f08      0xb44 c:/program files (x86)/gnu arm embedded toolchain/9 2020-q2-update/bin/../lib/gcc/arm-none-eabi/9.3.1/../../../../arm-none-eabi/lib/thumb/v7e-m+fp/softfp\libm.a(lib_a-e_pow.o)
                0x08006f08                __ieee754_pow
 .text.__ieee754_sqrt
                0x08007a4c      0x16c c:/program files (x86)/gnu arm embedded toolchain/9 2020-q2-update/bin/../lib/gcc/arm-none-eabi/9.3.1/../../../../arm-none-eabi/lib/thumb/v7e-m+fp/softfp\libm.a(lib_a-e_sqrt.o)
                0x08007a4c                __ieee754_sqrt
 .text.fabs     0x08007bb8        0x8 c:/program files (x86)/gnu arm embedded toolchain/9 2020-q2-update/bin/../lib/gcc/arm-none-eabi/9.3.1/../../../../arm-none-eabi/lib/thumb/v7e-m+fp/softfp\libm.a(lib_a-s_fabs.o)
                0x08007bb8                fabs
 .text.finite   0x08007bc0        0xc c:/program files (x86)/gnu arm embedded toolchain/9 2020-q2-update/bin/../lib/gcc/arm-none-eabi/9.3.1/../../../../arm-none-eabi/lib/thumb/v7e-m+fp/softfp\libm.a(lib_a-s_finite.o)
                0x08007bc0                finite
 .text.nan      0x08007bcc        0xc c:/program files (x86)/gnu arm embedded toolchain/9 2020-q2-update/bin/../lib/gcc/arm-none-eabi/9.3.1/../../../../arm-none-eabi/lib/thumb/v7e-m+fp/softfp\libm.a(lib_a-s_nan.o)
                0x08007bcc                nan
 .text.rint     0x08007bd8      0x118 c:/program files (x86)/gnu arm embedded toolchain/9 2020-q2-update/bin/../lib/gcc/arm-none-eabi/9.3.1/../../../../arm-none-eabi/lib/thumb/v7e-m+fp/softfp\libm.a(lib_a-s_rint.o)
                0x08007bd8                rint
 .text.scalbn   0x08007cf0      0x104 c:/program files (x86)/gnu arm embedded toolchain/9 2020-q2-update/bin/../lib/gcc/arm-none-eabi/9.3.1/../../../../arm-none-eabi/lib/thumb/v7e-m+fp/softfp\libm.a(lib_a-s_scalbn.o)
                0x08007cf0                scalbn
 .text.__aeabi_atexit
                0x08007df4        0xc c:/program files (x86)/gnu arm embedded toolchain/9 2020-q2-update/bin/../lib/gcc/arm-none-eabi/9.3.1/../../../../arm-none-eabi/lib/thumb/v7e-m+fp/softfp\libstdc++.a(atexit_arm.o)
                0x08007df4                __aeabi_atexit
 .text._ZdlPvj  0x08007e00        0x4 c:/program files (x86)/gnu arm embedded toolchain/9 2020-q2-update/bin/../lib/gcc/arm-none-eabi/9.3.1/../../../../arm-none-eabi/lib/thumb/v7e-m+fp/softfp\libstdc++.a(del_ops.o)
                0x08007e00                operator delete(void*, unsigned int)
 .text.__cxa_atexit
                0x08007e04       0x14 c:/program files (x86)/gnu arm embedded toolchain/9 2020-q2-update/bin/../lib/gcc/arm-none-eabi/9.3.1/../../../../arm-none-eabi/lib/thumb/v7e-m+fp/softfp\libc.a(lib_a-cxa_atexit.o)
                0x08007e04                __cxa_atexit
 .text.__errno  0x08007e18        0xc c:/program files (x86)/gnu arm embedded toolchain/9 2020-q2-update/bin/../lib/gcc/arm-none-eabi/9.3.1/../../../../arm-none-eabi/lib/thumb/v7e-m+fp/softfp\libc.a(lib_a-errno.o)
                0x08007e18                __errno
 .text.exit     0x08007e24       0x20 c:/program files (x86)/gnu arm embedded toolchain/9 2020-q2-update/bin/../lib/gcc/arm-none-eabi/9.3.1/../../../../arm-none-eabi/lib/thumb/v7e-m+fp/softfp\libc.a(lib_a-exit.o)
                0x08007e24                exit
 .text._fclose_r
                0x08007e44       0xcc c:/program files (x86)/gnu arm embedded toolchain/9 2020-q2-update/bin/../lib/gcc/arm-none-eabi/9.3.1/../../../../arm-none-eabi/lib/thumb/v7e-m+fp/softfp\libc.a(lib_a-fclose.o)
                0x08007e44                _fclose_r
 .text.fclose   0x08007f10       0x10 c:/program files (x86)/gnu arm embedded toolchain/9 2020-q2-update/bin/../lib/gcc/arm-none-eabi/9.3.1/../../../../arm-none-eabi/lib/thumb/v7e-m+fp/softfp\libc.a(lib_a-fclose.o)
                0x08007f10                fclose
 .text.__sflush_r
                0x08007f20      0x130 c:/program files (x86)/gnu arm embedded toolchain/9 2020-q2-update/bin/../lib/gcc/arm-none-eabi/9.3.1/../../../../arm-none-eabi/lib/thumb/v7e-m+fp/softfp\libc.a(lib_a-fflush.o)
                0x08007f20                __sflush_r
 .text._fflush_r
                0x08008050       0x5c c:/program files (x86)/gnu arm embedded toolchain/9 2020-q2-update/bin/../lib/gcc/arm-none-eabi/9.3.1/../../../../arm-none-eabi/lib/thumb/v7e-m+fp/softfp\libc.a(lib_a-fflush.o)
                0x08008050                _fflush_r
 .text.fflush   0x080080ac       0x24 c:/program files (x86)/gnu arm embedded toolchain/9 2020-q2-update/bin/../lib/gcc/arm-none-eabi/9.3.1/../../../../arm-none-eabi/lib/thumb/v7e-m+fp/softfp\libc.a(lib_a-fflush.o)
                0x080080ac                fflush
 .text.fgetc    0x080080d0       0x68 c:/program files (x86)/gnu arm embedded toolchain/9 2020-q2-update/bin/../lib/gcc/arm-none-eabi/9.3.1/../../../../arm-none-eabi/lib/thumb/v7e-m+fp/softfp\libc.a(lib_a-fgetc.o)
                0x080080d0                fgetc
 .text.std      0x08008138       0x50 c:/program files (x86)/gnu arm embedded toolchain/9 2020-q2-update/bin/../lib/gcc/arm-none-eabi/9.3.1/../../../../arm-none-eabi/lib/thumb/v7e-m+fp/softfp\libc.a(lib_a-findfp.o)
 .text._cleanup_r
                0x08008188        0xc c:/program files (x86)/gnu arm embedded toolchain/9 2020-q2-update/bin/../lib/gcc/arm-none-eabi/9.3.1/../../../../arm-none-eabi/lib/thumb/v7e-m+fp/softfp\libc.a(lib_a-findfp.o)
                0x08008188                _cleanup_r
 .text.__sfmoreglue
                0x08008194       0x30 c:/program files (x86)/gnu arm embedded toolchain/9 2020-q2-update/bin/../lib/gcc/arm-none-eabi/9.3.1/../../../../arm-none-eabi/lib/thumb/v7e-m+fp/softfp\libc.a(lib_a-findfp.o)
                0x08008194                __sfmoreglue
 .text.__sinit  0x080081c4       0x54 c:/program files (x86)/gnu arm embedded toolchain/9 2020-q2-update/bin/../lib/gcc/arm-none-eabi/9.3.1/../../../../arm-none-eabi/lib/thumb/v7e-m+fp/softfp\libc.a(lib_a-findfp.o)
                0x080081c4                __sinit
 .text.__sfp    0x08008218       0xa4 c:/program files (x86)/gnu arm embedded toolchain/9 2020-q2-update/bin/../lib/gcc/arm-none-eabi/9.3.1/../../../../arm-none-eabi/lib/thumb/v7e-m+fp/softfp\libc.a(lib_a-findfp.o)
                0x08008218                __sfp
 .text.__sfp_lock_acquire
                0x080082bc        0xc c:/program files (x86)/gnu arm embedded toolchain/9 2020-q2-update/bin/../lib/gcc/arm-none-eabi/9.3.1/../../../../arm-none-eabi/lib/thumb/v7e-m+fp/softfp\libc.a(lib_a-findfp.o)
                0x080082bc                __sfp_lock_acquire
 .text.__sfp_lock_release
                0x080082c8        0xc c:/program files (x86)/gnu arm embedded toolchain/9 2020-q2-update/bin/../lib/gcc/arm-none-eabi/9.3.1/../../../../arm-none-eabi/lib/thumb/v7e-m+fp/softfp\libc.a(lib_a-findfp.o)
                0x080082c8                __sfp_lock_release
 .text._fopen_r
                0x080082d4       0xbc c:/program files (x86)/gnu arm embedded toolchain/9 2020-q2-update/bin/../lib/gcc/arm-none-eabi/9.3.1/../../../../arm-none-eabi/lib/thumb/v7e-m+fp/softfp\libc.a(lib_a-fopen.o)
                0x080082d4                _fopen_r
 .text.fopen    0x08008390       0x10 c:/program files (x86)/gnu arm embedded toolchain/9 2020-q2-update/bin/../lib/gcc/arm-none-eabi/9.3.1/../../../../arm-none-eabi/lib/thumb/v7e-m+fp/softfp\libc.a(lib_a-fopen.o)
                0x08008390                fopen
 .text.fputc    0x080083a0       0x64 c:/program files (x86)/gnu arm embedded toolchain/9 2020-q2-update/bin/../lib/gcc/arm-none-eabi/9.3.1/../../../../arm-none-eabi/lib/thumb/v7e-m+fp/softfp\libc.a(lib_a-fputc.o)
                0x080083a0                fputc
 .text._malloc_trim_r
                0x08008404       0xa0 c:/program files (x86)/gnu arm embedded toolchain/9 2020-q2-update/bin/../lib/gcc/arm-none-eabi/9.3.1/../../../../arm-none-eabi/lib/thumb/v7e-m+fp/softfp\libc.a(lib_a-freer.o)
                0x08008404                _malloc_trim_r
 .text._free_r  0x080084a4      0x208 c:/program files (x86)/gnu arm embedded toolchain/9 2020-q2-update/bin/../lib/gcc/arm-none-eabi/9.3.1/../../../../arm-none-eabi/lib/thumb/v7e-m+fp/softfp\libc.a(lib_a-freer.o)
                0x080084a4                _free_r
 .text._fseek_r
                0x080086ac        0x4 c:/program files (x86)/gnu arm embedded toolchain/9 2020-q2-update/bin/../lib/gcc/arm-none-eabi/9.3.1/../../../../arm-none-eabi/lib/thumb/v7e-m+fp/softfp\libc.a(lib_a-fseek.o)
                0x080086ac                _fseek_r
 .text._fseeko_r
                0x080086b0      0x2d0 c:/program files (x86)/gnu arm embedded toolchain/9 2020-q2-update/bin/../lib/gcc/arm-none-eabi/9.3.1/../../../../arm-none-eabi/lib/thumb/v7e-m+fp/softfp\libc.a(lib_a-fseeko.o)
                0x080086b0                _fseeko_r
 .text._fstat_r
                0x08008980       0x2c c:/program files (x86)/gnu arm embedded toolchain/9 2020-q2-update/bin/../lib/gcc/arm-none-eabi/9.3.1/../../../../arm-none-eabi/lib/thumb/v7e-m+fp/softfp\libc.a(lib_a-fstatr.o)
                0x08008980                _fstat_r
 .text._ftello_r
                0x080089ac       0xd4 c:/program files (x86)/gnu arm embedded toolchain/9 2020-q2-update/bin/../lib/gcc/arm-none-eabi/9.3.1/../../../../arm-none-eabi/lib/thumb/v7e-m+fp/softfp\libc.a(lib_a-ftello.o)
                0x080089ac                _ftello_r
 .text.__sfvwrite_r
                0x08008a80      0x2e0 c:/program files (x86)/gnu arm embedded toolchain/9 2020-q2-update/bin/../lib/gcc/arm-none-eabi/9.3.1/../../../../arm-none-eabi/lib/thumb/v7e-m+fp/softfp\libc.a(lib_a-fvwrite.o)
                0x08008a80                __sfvwrite_r
 .text._fwalk   0x08008d60       0x40 c:/program files (x86)/gnu arm embedded toolchain/9 2020-q2-update/bin/../lib/gcc/arm-none-eabi/9.3.1/../../../../arm-none-eabi/lib/thumb/v7e-m+fp/softfp\libc.a(lib_a-fwalk.o)
                0x08008d60                _fwalk
 .text._fwalk_reent
                0x08008da0       0x48 c:/program files (x86)/gnu arm embedded toolchain/9 2020-q2-update/bin/../lib/gcc/arm-none-eabi/9.3.1/../../../../arm-none-eabi/lib/thumb/v7e-m+fp/softfp\libc.a(lib_a-fwalk.o)
                0x08008da0                _fwalk_reent
 .text.__libc_init_array
                0x08008de8       0x48 c:/program files (x86)/gnu arm embedded toolchain/9 2020-q2-update/bin/../lib/gcc/arm-none-eabi/9.3.1/../../../../arm-none-eabi/lib/thumb/v7e-m+fp/softfp\libc.a(lib_a-init.o)
                0x08008de8                __libc_init_array
 .text.localtime
                0x08008e30       0x10 c:/program files (x86)/gnu arm embedded toolchain/9 2020-q2-update/bin/../lib/gcc/arm-none-eabi/9.3.1/../../../../arm-none-eabi/lib/thumb/v7e-m+fp/softfp\libc.a(lib_a-lcltime.o)
                0x08008e30                localtime
 .text.localtime_r
                0x08008e40      0x240 c:/program files (x86)/gnu arm embedded toolchain/9 2020-q2-update/bin/../lib/gcc/arm-none-eabi/9.3.1/../../../../arm-none-eabi/lib/thumb/v7e-m+fp/softfp\libc.a(lib_a-lcltime_r.o)
                0x08008e40                localtime_r
 .text.__retarget_lock_init_recursive
                0x08009080        0x4 c:/program files (x86)/gnu arm embedded toolchain/9 2020-q2-update/bin/../lib/gcc/arm-none-eabi/9.3.1/../../../../arm-none-eabi/lib/thumb/v7e-m+fp/softfp\libc.a(lib_a-lock.o)
                0x08009080                __retarget_lock_init_recursive
 .text.__retarget_lock_close_recursive
                0x08009084        0x4 c:/program files (x86)/gnu arm embedded toolchain/9 2020-q2-update/bin/../lib/gcc/arm-none-eabi/9.3.1/../../../../arm-none-eabi/lib/thumb/v7e-m+fp/softfp\libc.a(lib_a-lock.o)
                0x08009084                __retarget_lock_close_recursive
 .text.__retarget_lock_acquire
                0x08009088        0x4 c:/program files (x86)/gnu arm embedded toolchain/9 2020-q2-update/bin/../lib/gcc/arm-none-eabi/9.3.1/../../../../arm-none-eabi/lib/thumb/v7e-m+fp/softfp\libc.a(lib_a-lock.o)
                0x08009088                __retarget_lock_acquire
 .text.__retarget_lock_acquire_recursive
                0x0800908c        0x4 c:/program files (x86)/gnu arm embedded toolchain/9 2020-q2-update/bin/../lib/gcc/arm-none-eabi/9.3.1/../../../../arm-none-eabi/lib/thumb/v7e-m+fp/softfp\libc.a(lib_a-lock.o)
                0x0800908c                __retarget_lock_acquire_recursive
 .text.__retarget_lock_release
                0x08009090        0x4 c:/program files (x86)/gnu arm embedded toolchain/9 2020-q2-update/bin/../lib/gcc/arm-none-eabi/9.3.1/../../../../arm-none-eabi/lib/thumb/v7e-m+fp/softfp\libc.a(lib_a-lock.o)
                0x08009090                __retarget_lock_release
 .text.__retarget_lock_release_recursive
                0x08009094        0x4 c:/program files (x86)/gnu arm embedded toolchain/9 2020-q2-update/bin/../lib/gcc/arm-none-eabi/9.3.1/../../../../arm-none-eabi/lib/thumb/v7e-m+fp/softfp\libc.a(lib_a-lock.o)
                0x08009094                __retarget_lock_release_recursive
 .text.__swhatbuf_r
                0x08009098       0x5c c:/program files (x86)/gnu arm embedded toolchain/9 2020-q2-update/bin/../lib/gcc/arm-none-eabi/9.3.1/../../../../arm-none-eabi/lib/thumb/v7e-m+fp/softfp\libc.a(lib_a-makebuf.o)
                0x08009098                __swhatbuf_r
 .text.__smakebuf_r
                0x080090f4       0x98 c:/program files (x86)/gnu arm embedded toolchain/9 2020-q2-update/bin/../lib/gcc/arm-none-eabi/9.3.1/../../../../arm-none-eabi/lib/thumb/v7e-m+fp/softfp\libc.a(lib_a-makebuf.o)
                0x080090f4                __smakebuf_r
 .text.malloc   0x0800918c       0x10 c:/program files (x86)/gnu arm embedded toolchain/9 2020-q2-update/bin/../lib/gcc/arm-none-eabi/9.3.1/../../../../arm-none-eabi/lib/thumb/v7e-m+fp/softfp\libc.a(lib_a-malloc.o)
                0x0800918c                malloc
 .text.free     0x0800919c       0x10 c:/program files (x86)/gnu arm embedded toolchain/9 2020-q2-update/bin/../lib/gcc/arm-none-eabi/9.3.1/../../../../arm-none-eabi/lib/thumb/v7e-m+fp/softfp\libc.a(lib_a-malloc.o)
                0x0800919c                free
 .text._malloc_r
                0x080091ac      0x574 c:/program files (x86)/gnu arm embedded toolchain/9 2020-q2-update/bin/../lib/gcc/arm-none-eabi/9.3.1/../../../../arm-none-eabi/lib/thumb/v7e-m+fp/softfp\libc.a(lib_a-mallocr.o)
                0x080091ac                _malloc_r
 .text          0x08009720       0xa0 c:/program files (x86)/gnu arm embedded toolchain/9 2020-q2-update/bin/../lib/gcc/arm-none-eabi/9.3.1/../../../../arm-none-eabi/lib/thumb/v7e-m+fp/softfp\libc.a(lib_a-memchr.o)
                0x08009720                memchr
 .text          0x080097c0      0x134 c:/program files (x86)/gnu arm embedded toolchain/9 2020-q2-update/bin/../lib/gcc/arm-none-eabi/9.3.1/../../../../arm-none-eabi/lib/thumb/v7e-m+fp/softfp\libc.a(lib_a-memcpy.o)
                0x080097c0                memcpy
 .text.memmove  0x080098f4       0xd8 c:/program files (x86)/gnu arm embedded toolchain/9 2020-q2-update/bin/../lib/gcc/arm-none-eabi/9.3.1/../../../../arm-none-eabi/lib/thumb/v7e-m+fp/softfp\libc.a(lib_a-memmove.o)
                0x080098f4                memmove
 .text.memset   0x080099cc       0xa0 c:/program files (x86)/gnu arm embedded toolchain/9 2020-q2-update/bin/../lib/gcc/arm-none-eabi/9.3.1/../../../../arm-none-eabi/lib/thumb/v7e-m+fp/softfp\libc.a(lib_a-memset.o)
                0x080099cc                memset
 .text.validate_structure
                0x08009a6c      0x1fc c:/program files (x86)/gnu arm embedded toolchain/9 2020-q2-update/bin/../lib/gcc/arm-none-eabi/9.3.1/../../../../arm-none-eabi/lib/thumb/v7e-m+fp/softfp\libc.a(lib_a-mktime.o)
 .text.mktime   0x08009c68      0x3d4 c:/program files (x86)/gnu arm embedded toolchain/9 2020-q2-update/bin/../lib/gcc/arm-none-eabi/9.3.1/../../../../arm-none-eabi/lib/thumb/v7e-m+fp/softfp\libc.a(lib_a-mktime.o)
                0x08009c68                mktime
 .text._open_r  0x0800a03c       0x2c c:/program files (x86)/gnu arm embedded toolchain/9 2020-q2-update/bin/../lib/gcc/arm-none-eabi/9.3.1/../../../../arm-none-eabi/lib/thumb/v7e-m+fp/softfp\libc.a(lib_a-openr.o)
                0x0800a03c                _open_r
 .text.printf   0x0800a068       0x28 c:/program files (x86)/gnu arm embedded toolchain/9 2020-q2-update/bin/../lib/gcc/arm-none-eabi/9.3.1/../../../../arm-none-eabi/lib/thumb/v7e-m+fp/softfp\libc.a(lib_a-printf.o)
                0x0800a068                printf
 .text._putc_r  0x0800a090       0x74 c:/program files (x86)/gnu arm embedded toolchain/9 2020-q2-update/bin/../lib/gcc/arm-none-eabi/9.3.1/../../../../arm-none-eabi/lib/thumb/v7e-m+fp/softfp\libc.a(lib_a-putc.o)
                0x0800a090                _putc_r
 .text._puts_r  0x0800a104       0x9c c:/program files (x86)/gnu arm embedded toolchain/9 2020-q2-update/bin/../lib/gcc/arm-none-eabi/9.3.1/../../../../arm-none-eabi/lib/thumb/v7e-m+fp/softfp\libc.a(lib_a-puts.o)
                0x0800a104                _puts_r
 .text.puts     0x0800a1a0       0x10 c:/program files (x86)/gnu arm embedded toolchain/9 2020-q2-update/bin/../lib/gcc/arm-none-eabi/9.3.1/../../../../arm-none-eabi/lib/thumb/v7e-m+fp/softfp\libc.a(lib_a-puts.o)
                0x0800a1a0                puts
 .text._realloc_r
                0x0800a1b0      0x3e0 c:/program files (x86)/gnu arm embedded toolchain/9 2020-q2-update/bin/../lib/gcc/arm-none-eabi/9.3.1/../../../../arm-none-eabi/lib/thumb/v7e-m+fp/softfp\libc.a(lib_a-reallocr.o)
                0x0800a1b0                _realloc_r
 .text.lflush   0x0800a590       0x14 c:/program files (x86)/gnu arm embedded toolchain/9 2020-q2-update/bin/../lib/gcc/arm-none-eabi/9.3.1/../../../../arm-none-eabi/lib/thumb/v7e-m+fp/softfp\libc.a(lib_a-refill.o)
 .text.__srefill_r
                0x0800a5a4      0x114 c:/program files (x86)/gnu arm embedded toolchain/9 2020-q2-update/bin/../lib/gcc/arm-none-eabi/9.3.1/../../../../arm-none-eabi/lib/thumb/v7e-m+fp/softfp\libc.a(lib_a-refill.o)
                0x0800a5a4                __srefill_r
 .text.__srget_r
                0x0800a6b8       0x34 c:/program files (x86)/gnu arm embedded toolchain/9 2020-q2-update/bin/../lib/gcc/arm-none-eabi/9.3.1/../../../../arm-none-eabi/lib/thumb/v7e-m+fp/softfp\libc.a(lib_a-rget.o)
                0x0800a6b8                __srget_r
 .text._sbrk_r  0x0800a6ec       0x24 c:/program files (x86)/gnu arm embedded toolchain/9 2020-q2-update/bin/../lib/gcc/arm-none-eabi/9.3.1/../../../../arm-none-eabi/lib/thumb/v7e-m+fp/softfp\libc.a(lib_a-sbrkr.o)
                0x0800a6ec                _sbrk_r
 .text.setbuf   0x0800a710       0x10 c:/program files (x86)/gnu arm embedded toolchain/9 2020-q2-update/bin/../lib/gcc/arm-none-eabi/9.3.1/../../../../arm-none-eabi/lib/thumb/v7e-m+fp/softfp\libc.a(lib_a-setbuf.o)